This is XeTeX, Version 3.141592653-2.6-0.999997 (TeX Live 2025) (preloaded format=xelatex 2025.8.18)  1 OCT 2025 11:30
entering extended mode
 restricted \write18 enabled.
 %&-line parsing enabled.
**CASAThesisMiaoyi.tex
(./CASAThesisMiaoyi.tex
LaTeX2e <2025-06-01> patch level 1
L3 programming layer <2025-08-13>
(c:/Users/Aprilmiaoyilee/AppData/Roaming/TinyTeX/texmf-dist/tex/latex/base/book.cls
Document Class: book 2025/01/22 v1.4n Standard LaTeX document class
(c:/Users/Aprilmiaoyilee/AppData/Roaming/TinyTeX/texmf-dist/tex/latex/base/bk12.clo
File: bk12.clo 2025/01/22 v1.4n Standard LaTeX file (size option)
)
\c@part=\count271
\c@chapter=\count272
\c@section=\count273
\c@subsection=\count274
\c@subsubsection=\count275
\c@paragraph=\count276
\c@subparagraph=\count277
\c@figure=\count278
\c@table=\count279
\abovecaptionskip=\skip49
\belowcaptionskip=\skip50
\bibindent=\dimen148
) (c:/Users/Aprilmiaoyilee/AppData/Roaming/TinyTeX/texmf-dist/tex/latex/amsmath/amsmath.sty
Package: amsmath 2025/06/16 v2.17y AMS math features
\@mathmargin=\skip51
For additional information on amsmath, use the `?' option.
(c:/Users/Aprilmiaoyilee/AppData/Roaming/TinyTeX/texmf-dist/tex/latex/amsmath/amstext.sty
Package: amstext 2024/11/17 v2.01 AMS text
(c:/Users/Aprilmiaoyilee/AppData/Roaming/TinyTeX/texmf-dist/tex/latex/amsmath/amsgen.sty
File: amsgen.sty 1999/11/30 v2.0 generic functions
\@emptytoks=\toks17
\ex@=\dimen149
)) (c:/Users/Aprilmiaoyilee/AppData/Roaming/TinyTeX/texmf-dist/tex/latex/amsmath/amsbsy.sty
Package: amsbsy 1999/11/29 v1.2d Bold Symbols
\pmbraise@=\dimen150
) (c:/Users/Aprilmiaoyilee/AppData/Roaming/TinyTeX/texmf-dist/tex/latex/amsmath/amsopn.sty
Package: amsopn 2022/04/08 v2.04 operator names
)
\inf@bad=\count280
LaTeX Info: Redefining \frac on input line 233.
\uproot@=\count281
\leftroot@=\count282
LaTeX Info: Redefining \overline on input line 398.
LaTeX Info: Redefining \colon on input line 409.
\classnum@=\count283
\DOTSCASE@=\count284
LaTeX Info: Redefining \ldots on input line 495.
LaTeX Info: Redefining \dots on input line 498.
LaTeX Info: Redefining \cdots on input line 619.
\Mathstrutbox@=\box53
\strutbox@=\box54
LaTeX Info: Redefining \big on input line 721.
LaTeX Info: Redefining \Big on input line 722.
LaTeX Info: Redefining \bigg on input line 723.
LaTeX Info: Redefining \Bigg on input line 724.
\big@size=\dimen151
LaTeX Font Info:    Redeclaring font encoding OML on input line 742.
LaTeX Font Info:    Redeclaring font encoding OMS on input line 743.
\macc@depth=\count285
LaTeX Info: Redefining \bmod on input line 904.
LaTeX Info: Redefining \pmod on input line 909.
LaTeX Info: Redefining \smash on input line 939.
LaTeX Info: Redefining \relbar on input line 969.
LaTeX Info: Redefining \Relbar on input line 970.
\c@MaxMatrixCols=\count286
\dotsspace@=\muskip17
\c@parentequation=\count287
\dspbrk@lvl=\count288
\tag@help=\toks18
\row@=\count289
\column@=\count290
\maxfields@=\count291
\andhelp@=\toks19
\eqnshift@=\dimen152
\alignsep@=\dimen153
\tagshift@=\dimen154
\tagwidth@=\dimen155
\totwidth@=\dimen156
\lineht@=\dimen157
\@envbody=\toks20
\multlinegap=\skip52
\multlinetaggap=\skip53
\mathdisplay@stack=\toks21
LaTeX Info: Redefining \[ on input line 2949.
LaTeX Info: Redefining \] on input line 2950.
) (c:/Users/Aprilmiaoyilee/AppData/Roaming/TinyTeX/texmf-dist/tex/latex/amsfonts/amssymb.sty
Package: amssymb 2013/01/14 v3.01 AMS font symbols
(c:/Users/Aprilmiaoyilee/AppData/Roaming/TinyTeX/texmf-dist/tex/latex/amsfonts/amsfonts.sty
Package: amsfonts 2013/01/14 v3.01 Basic AMSFonts support
\symAMSa=\mathgroup4
\symAMSb=\mathgroup5
LaTeX Font Info:    Redeclaring math symbol \hbar on input line 98.
LaTeX Font Info:    Overwriting math alphabet `\mathfrak' in version `bold'
(Font)                  U/euf/m/n --> U/euf/b/n on input line 106.
)) (c:/Users/Aprilmiaoyilee/AppData/Roaming/TinyTeX/texmf-dist/tex/latex/setspace/setspace.sty
Package: setspace 2022/12/04 v6.7b set line spacing
) (c:/Users/Aprilmiaoyilee/AppData/Roaming/TinyTeX/texmf-dist/tex/generic/iftex/iftex.sty
Package: iftex 2024/12/12 v1.0g TeX engine tests
) (c:/Users/Aprilmiaoyilee/AppData/Roaming/TinyTeX/texmf-dist/tex/latex/unicode-math/unicode-math.sty (c:/Users/Aprilmiaoyilee/AppData/Roaming/TinyTeX/texmf-dist/tex/latex/l3kernel/expl3.sty
Package: expl3 2025-08-13 L3 programming layer (loader) 
(c:/Users/Aprilmiaoyilee/AppData/Roaming/TinyTeX/texmf-dist/tex/latex/l3backend/l3backend-xetex.def
File: l3backend-xetex.def 2025-06-09 L3 backend support: XeTeX
\g__graphics_track_int=\count292
\g__pdfannot_backend_int=\count293
\g__pdfannot_backend_link_int=\count294
))
Package: unicode-math 2023/08/13 v0.8r Unicode maths in XeLaTeX and LuaLaTeX
(c:/Users/Aprilmiaoyilee/AppData/Roaming/TinyTeX/texmf-dist/tex/latex/unicode-math/unicode-math-xetex.sty
Package: unicode-math-xetex 2023/08/13 v0.8r Unicode maths in XeLaTeX and LuaLaTeX
(c:/Users/Aprilmiaoyilee/AppData/Roaming/TinyTeX/texmf-dist/tex/latex/l3packages/xparse/xparse.sty
Package: xparse 2024-08-16 L3 Experimental document command parser
) (c:/Users/Aprilmiaoyilee/AppData/Roaming/TinyTeX/texmf-dist/tex/latex/l3packages/l3keys2e/l3keys2e.sty
Package: l3keys2e 2024-08-16 LaTeX2e option processing using LaTeX3 keys
) (c:/Users/Aprilmiaoyilee/AppData/Roaming/TinyTeX/texmf-dist/tex/latex/fontspec/fontspec.sty
Package: fontspec 2024/05/11 v2.9e Font selection for XeLaTeX and LuaLaTeX
(c:/Users/Aprilmiaoyilee/AppData/Roaming/TinyTeX/texmf-dist/tex/latex/fontspec/fontspec-xetex.sty
Package: fontspec-xetex 2024/05/11 v2.9e Font selection for XeLaTeX and LuaLaTeX
\l__fontspec_script_int=\count295
\l__fontspec_language_int=\count296
\l__fontspec_strnum_int=\count297
\l__fontspec_tmp_int=\count298
\l__fontspec_tmpa_int=\count299
\l__fontspec_tmpb_int=\count300
\l__fontspec_tmpc_int=\count301
\l__fontspec_em_int=\count302
\l__fontspec_emdef_int=\count303
\l__fontspec_strong_int=\count304
\l__fontspec_strongdef_int=\count305
\l__fontspec_tmpa_dim=\dimen158
\l__fontspec_tmpb_dim=\dimen159
\l__fontspec_tmpc_dim=\dimen160
(c:/Users/Aprilmiaoyilee/AppData/Roaming/TinyTeX/texmf-dist/tex/latex/base/fontenc.sty
Package: fontenc 2024/12/21 v2.1c Standard LaTeX package
) (c:/Users/Aprilmiaoyilee/AppData/Roaming/TinyTeX/texmf-dist/tex/latex/fontspec/fontspec.cfg))) (c:/Users/Aprilmiaoyilee/AppData/Roaming/TinyTeX/texmf-dist/tex/latex/base/fix-cm.sty
Package: fix-cm 2020/11/24 v1.1t fixes to LaTeX
(c:/Users/Aprilmiaoyilee/AppData/Roaming/TinyTeX/texmf-dist/tex/latex/base/ts1enc.def
File: ts1enc.def 2001/06/05 v3.0e (jk/car/fm) Standard LaTeX file
LaTeX Font Info:    Redeclaring font encoding TS1 on input line 47.
LaTeX Encoding Info:    Redeclaring text command \capitalcedilla (encoding TS1) on input line 49.
LaTeX Encoding Info:    Redeclaring text command \capitalogonek (encoding TS1) on input line 52.
LaTeX Encoding Info:    Redeclaring text command \capitalgrave (encoding TS1) on input line 55.
LaTeX Encoding Info:    Redeclaring text command \capitalacute (encoding TS1) on input line 56.
LaTeX Encoding Info:    Redeclaring text command \capitalcircumflex (encoding TS1) on input line 57.
LaTeX Encoding Info:    Redeclaring text command \capitaltilde (encoding TS1) on input line 58.
LaTeX Encoding Info:    Redeclaring text command \capitaldieresis (encoding TS1) on input line 59.
LaTeX Encoding Info:    Redeclaring text command \capitalhungarumlaut (encoding TS1) on input line 60.
LaTeX Encoding Info:    Redeclaring text command \capitalring (encoding TS1) on input line 61.
LaTeX Encoding Info:    Redeclaring text command \capitalcaron (encoding TS1) on input line 62.
LaTeX Encoding Info:    Redeclaring text command \capitalbreve (encoding TS1) on input line 63.
LaTeX Encoding Info:    Redeclaring text command \capitalmacron (encoding TS1) on input line 64.
LaTeX Encoding Info:    Redeclaring text command \capitaldotaccent (encoding TS1) on input line 65.
LaTeX Encoding Info:    Redeclaring text command \t (encoding TS1) on input line 66.
LaTeX Encoding Info:    Redeclaring text command \capitaltie (encoding TS1) on input line 67.
LaTeX Encoding Info:    Redeclaring text command \newtie (encoding TS1) on input line 68.
LaTeX Encoding Info:    Redeclaring text command \capitalnewtie (encoding TS1) on input line 69.
LaTeX Encoding Info:    Redeclaring text symbol \textcapitalcompwordmark (encoding TS1) on input line 70.
LaTeX Encoding Info:    Redeclaring text symbol \textascendercompwordmark (encoding TS1) on input line 71.
LaTeX Encoding Info:    Redeclaring text symbol \textquotestraightbase (encoding TS1) on input line 72.
LaTeX Encoding Info:    Redeclaring text symbol \textquotestraightdblbase (encoding TS1) on input line 73.
LaTeX Encoding Info:    Redeclaring text symbol \texttwelveudash (encoding TS1) on input line 74.
LaTeX Encoding Info:    Redeclaring text symbol \textthreequartersemdash (encoding TS1) on input line 75.
LaTeX Encoding Info:    Redeclaring text symbol \textleftarrow (encoding TS1) on input line 76.
LaTeX Encoding Info:    Redeclaring text symbol \textrightarrow (encoding TS1) on input line 77.
LaTeX Encoding Info:    Redeclaring text symbol \textblank (encoding TS1) on input line 78.
LaTeX Encoding Info:    Redeclaring text symbol \textdollar (encoding TS1) on input line 79.
LaTeX Encoding Info:    Redeclaring text symbol \textquotesingle (encoding TS1) on input line 80.
LaTeX Encoding Info:    Redeclaring text command \textasteriskcentered (encoding TS1) on input line 81.
LaTeX Encoding Info:    Redeclaring text symbol \textdblhyphen (encoding TS1) on input line 92.
LaTeX Encoding Info:    Redeclaring text symbol \textfractionsolidus (encoding TS1) on input line 93.
LaTeX Encoding Info:    Redeclaring text symbol \textzerooldstyle (encoding TS1) on input line 94.
LaTeX Encoding Info:    Redeclaring text symbol \textoneoldstyle (encoding TS1) on input line 95.
LaTeX Encoding Info:    Redeclaring text symbol \texttwooldstyle (encoding TS1) on input line 96.
LaTeX Encoding Info:    Redeclaring text symbol \textthreeoldstyle (encoding TS1) on input line 97.
LaTeX Encoding Info:    Redeclaring text symbol \textfouroldstyle (encoding TS1) on input line 98.
LaTeX Encoding Info:    Redeclaring text symbol \textfiveoldstyle (encoding TS1) on input line 99.
LaTeX Encoding Info:    Redeclaring text symbol \textsixoldstyle (encoding TS1) on input line 100.
LaTeX Encoding Info:    Redeclaring text symbol \textsevenoldstyle (encoding TS1) on input line 101.
LaTeX Encoding Info:    Redeclaring text symbol \texteightoldstyle (encoding TS1) on input line 102.
LaTeX Encoding Info:    Redeclaring text symbol \textnineoldstyle (encoding TS1) on input line 103.
LaTeX Encoding Info:    Redeclaring text symbol \textlangle (encoding TS1) on input line 104.
LaTeX Encoding Info:    Redeclaring text symbol \textminus (encoding TS1) on input line 105.
LaTeX Encoding Info:    Redeclaring text symbol \textrangle (encoding TS1) on input line 106.
LaTeX Encoding Info:    Redeclaring text symbol \textmho (encoding TS1) on input line 107.
LaTeX Encoding Info:    Redeclaring text symbol \textbigcircle (encoding TS1) on input line 108.
LaTeX Encoding Info:    Redeclaring text command \textcircled (encoding TS1) on input line 109.
LaTeX Encoding Info:    Redeclaring text symbol \textohm (encoding TS1) on input line 115.
LaTeX Encoding Info:    Redeclaring text symbol \textlbrackdbl (encoding TS1) on input line 116.
LaTeX Encoding Info:    Redeclaring text symbol \textrbrackdbl (encoding TS1) on input line 117.
LaTeX Encoding Info:    Redeclaring text symbol \textuparrow (encoding TS1) on input line 118.
LaTeX Encoding Info:    Redeclaring text symbol \textdownarrow (encoding TS1) on input line 119.
LaTeX Encoding Info:    Redeclaring text symbol \textasciigrave (encoding TS1) on input line 120.
LaTeX Encoding Info:    Redeclaring text symbol \textborn (encoding TS1) on input line 121.
LaTeX Encoding Info:    Redeclaring text symbol \textdivorced (encoding TS1) on input line 122.
LaTeX Encoding Info:    Redeclaring text symbol \textdied (encoding TS1) on input line 123.
LaTeX Encoding Info:    Redeclaring text symbol \textleaf (encoding TS1) on input line 124.
LaTeX Encoding Info:    Redeclaring text symbol \textmarried (encoding TS1) on input line 125.
LaTeX Encoding Info:    Redeclaring text symbol \textmusicalnote (encoding TS1) on input line 126.
LaTeX Encoding Info:    Redeclaring text symbol \texttildelow (encoding TS1) on input line 127.
LaTeX Encoding Info:    Redeclaring text symbol \textdblhyphenchar (encoding TS1) on input line 128.
LaTeX Encoding Info:    Redeclaring text symbol \textasciibreve (encoding TS1) on input line 129.
LaTeX Encoding Info:    Redeclaring text symbol \textasciicaron (encoding TS1) on input line 130.
LaTeX Encoding Info:    Redeclaring text symbol \textacutedbl (encoding TS1) on input line 131.
LaTeX Encoding Info:    Redeclaring text symbol \textgravedbl (encoding TS1) on input line 132.
LaTeX Encoding Info:    Redeclaring text symbol \textdagger (encoding TS1) on input line 133.
LaTeX Encoding Info:    Redeclaring text symbol \textdaggerdbl (encoding TS1) on input line 134.
LaTeX Encoding Info:    Redeclaring text symbol \textbardbl (encoding TS1) on input line 135.
LaTeX Encoding Info:    Redeclaring text symbol \textperthousand (encoding TS1) on input line 136.
LaTeX Encoding Info:    Redeclaring text symbol \textbullet (encoding TS1) on input line 137.
LaTeX Encoding Info:    Redeclaring text symbol \textcelsius (encoding TS1) on input line 138.
LaTeX Encoding Info:    Redeclaring text symbol \textdollaroldstyle (encoding TS1) on input line 139.
LaTeX Encoding Info:    Redeclaring text symbol \textcentoldstyle (encoding TS1) on input line 140.
LaTeX Encoding Info:    Redeclaring text symbol \textflorin (encoding TS1) on input line 141.
LaTeX Encoding Info:    Redeclaring text symbol \textcolonmonetary (encoding TS1) on input line 142.
LaTeX Encoding Info:    Redeclaring text symbol \textwon (encoding TS1) on input line 143.
LaTeX Encoding Info:    Redeclaring text symbol \textnaira (encoding TS1) on input line 144.
LaTeX Encoding Info:    Redeclaring text symbol \textguarani (encoding TS1) on input line 145.
LaTeX Encoding Info:    Redeclaring text symbol \textpeso (encoding TS1) on input line 146.
LaTeX Encoding Info:    Redeclaring text symbol \textlira (encoding TS1) on input line 147.
LaTeX Encoding Info:    Redeclaring text symbol \textrecipe (encoding TS1) on input line 148.
LaTeX Encoding Info:    Redeclaring text symbol \textinterrobang (encoding TS1) on input line 149.
LaTeX Encoding Info:    Redeclaring text symbol \textinterrobangdown (encoding TS1) on input line 150.
LaTeX Encoding Info:    Redeclaring text symbol \textdong (encoding TS1) on input line 151.
LaTeX Encoding Info:    Redeclaring text symbol \texttrademark (encoding TS1) on input line 152.
LaTeX Encoding Info:    Redeclaring text symbol \textpertenthousand (encoding TS1) on input line 153.
LaTeX Encoding Info:    Redeclaring text symbol \textpilcrow (encoding TS1) on input line 154.
LaTeX Encoding Info:    Redeclaring text symbol \textbaht (encoding TS1) on input line 155.
LaTeX Encoding Info:    Redeclaring text symbol \textnumero (encoding TS1) on input line 156.
LaTeX Encoding Info:    Redeclaring text symbol \textdiscount (encoding TS1) on input line 157.
LaTeX Encoding Info:    Redeclaring text symbol \textestimated (encoding TS1) on input line 158.
LaTeX Encoding Info:    Redeclaring text symbol \textopenbullet (encoding TS1) on input line 159.
LaTeX Encoding Info:    Redeclaring text symbol \textservicemark (encoding TS1) on input line 160.
LaTeX Encoding Info:    Redeclaring text symbol \textlquill (encoding TS1) on input line 161.
LaTeX Encoding Info:    Redeclaring text symbol \textrquill (encoding TS1) on input line 162.
LaTeX Encoding Info:    Redeclaring text symbol \textcent (encoding TS1) on input line 163.
LaTeX Encoding Info:    Redeclaring text symbol \textsterling (encoding TS1) on input line 164.
LaTeX Encoding Info:    Redeclaring text symbol \textcurrency (encoding TS1) on input line 165.
LaTeX Encoding Info:    Redeclaring text symbol \textyen (encoding TS1) on input line 166.
LaTeX Encoding Info:    Redeclaring text symbol \textbrokenbar (encoding TS1) on input line 167.
LaTeX Encoding Info:    Redeclaring text symbol \textsection (encoding TS1) on input line 168.
LaTeX Encoding Info:    Redeclaring text symbol \textasciidieresis (encoding TS1) on input line 169.
LaTeX Encoding Info:    Redeclaring text symbol \textcopyright (encoding TS1) on input line 170.
LaTeX Encoding Info:    Redeclaring text symbol \textordfeminine (encoding TS1) on input line 171.
LaTeX Encoding Info:    Redeclaring text symbol \textcopyleft (encoding TS1) on input line 172.
LaTeX Encoding Info:    Redeclaring text symbol \textlnot (encoding TS1) on input line 173.
LaTeX Encoding Info:    Redeclaring text symbol \textcircledP (encoding TS1) on input line 174.
LaTeX Encoding Info:    Redeclaring text symbol \textregistered (encoding TS1) on input line 175.
LaTeX Encoding Info:    Redeclaring text symbol \textasciimacron (encoding TS1) on input line 176.
LaTeX Encoding Info:    Redeclaring text symbol \textdegree (encoding TS1) on input line 177.
LaTeX Encoding Info:    Redeclaring text symbol \textpm (encoding TS1) on input line 178.
LaTeX Encoding Info:    Redeclaring text symbol \texttwosuperior (encoding TS1) on input line 179.
LaTeX Encoding Info:    Redeclaring text symbol \textthreesuperior (encoding TS1) on input line 180.
LaTeX Encoding Info:    Redeclaring text symbol \textasciiacute (encoding TS1) on input line 181.
LaTeX Encoding Info:    Redeclaring text symbol \textmu (encoding TS1) on input line 182.
LaTeX Encoding Info:    Redeclaring text symbol \textparagraph (encoding TS1) on input line 183.
LaTeX Encoding Info:    Redeclaring text symbol \textperiodcentered (encoding TS1) on input line 184.
LaTeX Encoding Info:    Redeclaring text symbol \textreferencemark (encoding TS1) on input line 185.
LaTeX Encoding Info:    Redeclaring text symbol \textonesuperior (encoding TS1) on input line 186.
LaTeX Encoding Info:    Redeclaring text symbol \textordmasculine (encoding TS1) on input line 187.
LaTeX Encoding Info:    Redeclaring text symbol \textsurd (encoding TS1) on input line 188.
LaTeX Encoding Info:    Redeclaring text symbol \textonequarter (encoding TS1) on input line 189.
LaTeX Encoding Info:    Redeclaring text symbol \textonehalf (encoding TS1) on input line 190.
LaTeX Encoding Info:    Redeclaring text symbol \textthreequarters (encoding TS1) on input line 191.
LaTeX Encoding Info:    Redeclaring text symbol \texteuro (encoding TS1) on input line 192.
LaTeX Encoding Info:    Redeclaring text symbol \texttimes (encoding TS1) on input line 193.
LaTeX Encoding Info:    Redeclaring text symbol \textdiv (encoding TS1) on input line 194.
))
\g__um_fam_int=\count306
\g__um_fonts_used_int=\count307
\l__um_primecount_int=\count308
\g__um_primekern_muskip=\muskip18
(c:/Users/Aprilmiaoyilee/AppData/Roaming/TinyTeX/texmf-dist/tex/latex/unicode-math/unicode-math-table.tex))) (c:/Users/Aprilmiaoyilee/AppData/Roaming/TinyTeX/texmf-dist/tex/latex/lm/lmodern.sty
Package: lmodern 2015/05/01 v1.6.1 Latin Modern Fonts
LaTeX Font Info:    Overwriting symbol font `operators' in version `normal'
(Font)                  OT1/cmr/m/n --> OT1/lmr/m/n on input line 22.
LaTeX Font Info:    Overwriting symbol font `letters' in version `normal'
(Font)                  OML/cmm/m/it --> OML/lmm/m/it on input line 23.
LaTeX Font Info:    Overwriting symbol font `symbols' in version `normal'
(Font)                  OMS/cmsy/m/n --> OMS/lmsy/m/n on input line 24.
LaTeX Font Info:    Overwriting symbol font `largesymbols' in version `normal'
(Font)                  OMX/cmex/m/n --> OMX/lmex/m/n on input line 25.
LaTeX Font Info:    Overwriting symbol font `operators' in version `bold'
(Font)                  OT1/cmr/bx/n --> OT1/lmr/bx/n on input line 26.
LaTeX Font Info:    Overwriting symbol font `letters' in version `bold'
(Font)                  OML/cmm/b/it --> OML/lmm/b/it on input line 27.
LaTeX Font Info:    Overwriting symbol font `symbols' in version `bold'
(Font)                  OMS/cmsy/b/n --> OMS/lmsy/b/n on input line 28.
LaTeX Font Info:    Overwriting symbol font `largesymbols' in version `bold'
(Font)                  OMX/cmex/m/n --> OMX/lmex/m/n on input line 29.
LaTeX Font Info:    Overwriting math alphabet `\mathbf' in version `normal'
(Font)                  OT1/cmr/bx/n --> OT1/lmr/bx/n on input line 31.
LaTeX Font Info:    Overwriting math alphabet `\mathsf' in version `normal'
(Font)                  OT1/cmss/m/n --> OT1/lmss/m/n on input line 32.
LaTeX Font Info:    Overwriting math alphabet `\mathit' in version `normal'
(Font)                  OT1/cmr/m/it --> OT1/lmr/m/it on input line 33.
LaTeX Font Info:    Overwriting math alphabet `\mathtt' in version `normal'
(Font)                  OT1/cmtt/m/n --> OT1/lmtt/m/n on input line 34.
LaTeX Font Info:    Overwriting math alphabet `\mathbf' in version `bold'
(Font)                  OT1/cmr/bx/n --> OT1/lmr/bx/n on input line 35.
LaTeX Font Info:    Overwriting math alphabet `\mathsf' in version `bold'
(Font)                  OT1/cmss/bx/n --> OT1/lmss/bx/n on input line 36.
LaTeX Font Info:    Overwriting math alphabet `\mathit' in version `bold'
(Font)                  OT1/cmr/bx/it --> OT1/lmr/bx/it on input line 37.
LaTeX Font Info:    Overwriting math alphabet `\mathtt' in version `bold'
(Font)                  OT1/cmtt/m/n --> OT1/lmtt/m/n on input line 38.
) (c:/Users/Aprilmiaoyilee/AppData/Roaming/TinyTeX/texmf-dist/tex/latex/xcolor/xcolor.sty
Package: xcolor 2024/09/29 v3.02 LaTeX color extensions (UK)
(c:/Users/Aprilmiaoyilee/AppData/Roaming/TinyTeX/texmf-dist/tex/latex/graphics-cfg/color.cfg
File: color.cfg 2016/01/02 v1.6 sample color configuration
)
Package xcolor Info: Driver file: xetex.def on input line 274.
(c:/Users/Aprilmiaoyilee/AppData/Roaming/TinyTeX/texmf-dist/tex/latex/graphics-def/xetex.def
File: xetex.def 2022/09/22 v5.0n Graphics/color driver for xetex
) (c:/Users/Aprilmiaoyilee/AppData/Roaming/TinyTeX/texmf-dist/tex/latex/graphics/mathcolor.ltx)
Package xcolor Info: Model `cmy' substituted by `cmy0' on input line 1349.
Package xcolor Info: Model `RGB' extended on input line 1365.
Package xcolor Info: Model `HTML' substituted by `rgb' on input line 1367.
Package xcolor Info: Model `Hsb' substituted by `hsb' on input line 1368.
Package xcolor Info: Model `tHsb' substituted by `hsb' on input line 1369.
Package xcolor Info: Model `HSB' substituted by `hsb' on input line 1370.
Package xcolor Info: Model `Gray' substituted by `gray' on input line 1371.
Package xcolor Info: Model `wave' substituted by `hsb' on input line 1372.
) (c:/Users/Aprilmiaoyilee/AppData/Roaming/TinyTeX/texmf-dist/tex/latex/geometry/geometry.sty
Package: geometry 2020/01/02 v5.9 Page Geometry
(c:/Users/Aprilmiaoyilee/AppData/Roaming/TinyTeX/texmf-dist/tex/latex/graphics/keyval.sty
Package: keyval 2022/05/29 v1.15 key=value parser (DPC)
\KV@toks@=\toks22
) (c:/Users/Aprilmiaoyilee/AppData/Roaming/TinyTeX/texmf-dist/tex/generic/iftex/ifvtex.sty
Package: ifvtex 2019/10/25 v1.7 ifvtex legacy package. Use iftex instead.
)
\Gm@cnth=\count309
\Gm@cntv=\count310
\c@Gm@tempcnt=\count311
\Gm@bindingoffset=\dimen161
\Gm@wd@mp=\dimen162
\Gm@odd@mp=\dimen163
\Gm@even@mp=\dimen164
\Gm@layoutwidth=\dimen165
\Gm@layoutheight=\dimen166
\Gm@layouthoffset=\dimen167
\Gm@layoutvoffset=\dimen168
\Gm@dimlist=\toks23
) (c:/Users/Aprilmiaoyilee/AppData/Roaming/TinyTeX/texmf-dist/tex/latex/fancyvrb/fancyvrb.sty
Package: fancyvrb 2025/07/28 4.6 verbatim text (tvz,hv)
\FV@CodeLineNo=\count312
\FV@InFile=\read2
\FV@TabBox=\box55
\c@FancyVerbLine=\count313
\FV@StepNumber=\count314
\FV@OutFile=\write3
) (c:/Users/Aprilmiaoyilee/AppData/Roaming/TinyTeX/texmf-dist/tex/latex/framed/framed.sty
Package: framed 2011/10/22 v 0.96: framed or shaded text with page breaks
\OuterFrameSep=\skip54
\fb@frw=\dimen169
\fb@frh=\dimen170
\FrameRule=\dimen171
\FrameSep=\dimen172
) (c:/Users/Aprilmiaoyilee/AppData/Roaming/TinyTeX/texmf-dist/tex/latex/tools/longtable.sty
Package: longtable 2024-12-18 v4.23 Multi-page Table package (DPC)
\LTleft=\skip55
\LTright=\skip56
\LTpre=\skip57
\LTpost=\skip58
\LTchunksize=\count315
\LTcapwidth=\dimen173
\LT@head=\box56
\LT@firsthead=\box57
\LT@foot=\box58
\LT@lastfoot=\box59
\LT@gbox=\box60
\LT@cols=\count316
\LT@rows=\count317
\c@LT@tables=\count318
\c@LT@chunks=\count319
\LT@p@ftn=\toks24
) (c:/Users/Aprilmiaoyilee/AppData/Roaming/TinyTeX/texmf-dist/tex/latex/booktabs/booktabs.sty
Package: booktabs 2020/01/12 v1.61803398 Publication quality tables
\heavyrulewidth=\dimen174
\lightrulewidth=\dimen175
\cmidrulewidth=\dimen176
\belowrulesep=\dimen177
\belowbottomsep=\dimen178
\aboverulesep=\dimen179
\abovetopsep=\dimen180
\cmidrulesep=\dimen181
\cmidrulekern=\dimen182
\defaultaddspace=\dimen183
\@cmidla=\count320
\@cmidlb=\count321
\@aboverulesep=\dimen184
\@belowrulesep=\dimen185
\@thisruleclass=\count322
\@lastruleclass=\count323
\@thisrulewidth=\dimen186
) (c:/Users/Aprilmiaoyilee/AppData/Roaming/TinyTeX/texmf-dist/tex/latex/tools/array.sty
Package: array 2025/06/08 v2.6j Tabular extension package (FMi)
\col@sep=\dimen187
\ar@mcellbox=\box61
\extrarowheight=\dimen188
\NC@list=\toks25
\extratabsurround=\skip59
\backup@length=\skip60
\ar@cellbox=\box62
) (c:/Users/Aprilmiaoyilee/AppData/Roaming/TinyTeX/texmf-dist/tex/latex/tools/calc.sty
Package: calc 2025/03/01 v4.3b Infix arithmetic (KKT,FJ)
\calc@Acount=\count324
\calc@Bcount=\count325
\calc@Adimen=\dimen189
\calc@Bdimen=\dimen190
\calc@Askip=\skip61
\calc@Bskip=\skip62
LaTeX Info: Redefining \setlength on input line 86.
LaTeX Info: Redefining \addtolength on input line 87.
\calc@Ccount=\count326
\calc@Cskip=\skip63
) (c:/Users/Aprilmiaoyilee/AppData/Roaming/TinyTeX/texmf-dist/tex/latex/etoolbox/etoolbox.sty
Package: etoolbox 2025/02/11 v2.5l e-TeX tools for LaTeX (JAW)
\etb@tempcnta=\count327
) (c:/Users/Aprilmiaoyilee/AppData/Roaming/TinyTeX/texmf-dist/tex/latex/mdwtools/footnote.sty
Package: footnote 1997/01/28 1.13 Save footnotes around boxes
\fn@notes=\box63
\fn@width=\dimen191
) (c:/Users/Aprilmiaoyilee/AppData/Roaming/TinyTeX/texmf-dist/tex/latex/graphics/graphicx.sty
Package: graphicx 2024/12/31 v1.2e Enhanced LaTeX Graphics (DPC,SPQR)
(c:/Users/Aprilmiaoyilee/AppData/Roaming/TinyTeX/texmf-dist/tex/latex/graphics/graphics.sty
Package: graphics 2024/08/06 v1.4g Standard LaTeX Graphics (DPC,SPQR)
(c:/Users/Aprilmiaoyilee/AppData/Roaming/TinyTeX/texmf-dist/tex/latex/graphics/trig.sty
Package: trig 2023/12/02 v1.11 sin cos tan (DPC)
) (c:/Users/Aprilmiaoyilee/AppData/Roaming/TinyTeX/texmf-dist/tex/latex/graphics-cfg/graphics.cfg
File: graphics.cfg 2016/06/04 v1.11 sample graphics configuration
)
Package graphics Info: Driver file: xetex.def on input line 106.
)
\Gin@req@height=\dimen192
\Gin@req@width=\dimen193
)
\pandoc@box=\box64
(c:/Users/Aprilmiaoyilee/AppData/Roaming/TinyTeX/texmf-dist/tex/latex/hyphenat/hyphenat.sty
Package: hyphenat 2009/09/02 v2.3c hyphenation utilities
\langwohyphens=\language3
LaTeX Info: Redefining \_ on input line 43.
) (c:/Users/Aprilmiaoyilee/AppData/Roaming/TinyTeX/texmf-dist/tex/latex/tocbibind/tocbibind.sty
Package: tocbibind 2010/10/13 v1.5k extra ToC listings
Package tocbibind Info: The document has chapter divisions on input line 50.

Package tocbibind Note: Using chapter style headings, unless overridden.

) (c:/Users/Aprilmiaoyilee/AppData/Roaming/TinyTeX/texmf-dist/tex/latex/pdfpages/pdfpages.sty
Package: pdfpages 2025/07/23 v0.6g Insert pages of external PDF documents (AM)
(c:/Users/Aprilmiaoyilee/AppData/Roaming/TinyTeX/texmf-dist/tex/latex/base/ifthen.sty
Package: ifthen 2024/03/16 v1.1e Standard LaTeX ifthen package (DPC)
) (c:/Users/Aprilmiaoyilee/AppData/Roaming/TinyTeX/texmf-dist/tex/latex/eso-pic/eso-pic.sty
Package: eso-pic 2023/05/03 v3.0c eso-pic (RN)
\ESO@tempdima=\dimen194
\ESO@tempdimb=\dimen195
)
\AM@pagewidth=\dimen196
\AM@pageheight=\dimen197
\AM@fboxrule=\dimen198
(c:/Users/Aprilmiaoyilee/AppData/Roaming/TinyTeX/texmf-dist/tex/latex/pdfpages/ppxetex.def
File: ppxetex.def 2025/07/23 v0.6g Pdfpages driver for XeTeX (AM)
)
\pdfpages@includegraphics@status=\count328
\AM@pagebox=\box65
\AM@global@opts=\toks26
\AM@pagecnt=\count329
\AM@toc@title=\toks27
\AM@lof@heading=\toks28
\c@AM@survey=\count330
\AM@templatesizebox=\box66
) (c:/Users/Aprilmiaoyilee/AppData/Roaming/TinyTeX/texmf-dist/tex/latex/caption/caption.sty
Package: caption 2023/08/05 v3.6o Customizing captions (AR)
(c:/Users/Aprilmiaoyilee/AppData/Roaming/TinyTeX/texmf-dist/tex/latex/caption/caption3.sty
Package: caption3 2023/07/31 v2.4d caption3 kernel (AR)
\caption@tempdima=\dimen199
\captionmargin=\dimen256
\caption@leftmargin=\dimen257
\caption@rightmargin=\dimen258
\caption@width=\dimen259
\caption@indent=\dimen260
\caption@parindent=\dimen261
\caption@hangindent=\dimen262
Package caption Info: Standard document class detected.
)
\c@caption@flags=\count331
\c@continuedfloat=\count332
Package caption Info: longtable package is loaded.
(c:/Users/Aprilmiaoyilee/AppData/Roaming/TinyTeX/texmf-dist/tex/latex/caption/ltcaption.sty
Package: ltcaption 2021/01/08 v1.4c longtable captions (AR)
)) (c:/Users/Aprilmiaoyilee/AppData/Roaming/TinyTeX/texmf-dist/tex/latex/subfig/subfig.sty
Package: subfig 2005/06/28 ver: 1.3 subfig package
\c@KVtest=\count333
\sf@farskip=\skip64
\sf@captopadj=\dimen263
\sf@capskip=\skip65
\sf@nearskip=\skip66
\c@subfigure=\count334
\c@subfigure@save=\count335
\c@lofdepth=\count336
\c@subtable=\count337
\c@subtable@save=\count338
\c@lotdepth=\count339
\sf@top=\skip67
\sf@bottom=\skip68
) (c:/Users/Aprilmiaoyilee/AppData/Roaming/TinyTeX/texmf-dist/tex/latex/float/float.sty
Package: float 2001/11/08 v1.3d Float enhancements (AL)
\c@float@type=\count340
\float@exts=\toks29
\float@box=\box67
\@float@everytoks=\toks30
\@floatcapt=\box68
) (c:/Users/Aprilmiaoyilee/AppData/Roaming/TinyTeX/texmf-dist/tex/latex/placeins/placeins.sty
Package: placeins 2005/04/18  v 2.2
) (c:/Users/Aprilmiaoyilee/AppData/Roaming/TinyTeX/texmf-dist/tex/latex/fancyhdr/fancyhdr.sty
Package: fancyhdr 2025/02/07 v5.2 Extensive control of page headers and footers
\f@nch@headwidth=\skip69
\f@nch@offset@elh=\skip70
\f@nch@offset@erh=\skip71
\f@nch@offset@olh=\skip72
\f@nch@offset@orh=\skip73
\f@nch@offset@elf=\skip74
\f@nch@offset@erf=\skip75
\f@nch@offset@olf=\skip76
\f@nch@offset@orf=\skip77
\f@nch@height=\skip78
\f@nch@footalignment=\skip79
\f@nch@widthL=\skip80
\f@nch@widthC=\skip81
\f@nch@widthR=\skip82
\@temptokenb=\toks31
) (c:/Users/Aprilmiaoyilee/AppData/Roaming/TinyTeX/texmf-dist/tex/latex/tools/afterpage.sty
Package: afterpage 2023/07/04 v1.08 After-Page Package (DPC)
\AP@output=\toks32
\AP@partial=\box69
\AP@footins=\box70
) (c:/Users/Aprilmiaoyilee/AppData/Roaming/TinyTeX/texmf-dist/tex/latex/multirow/multirow.sty
Package: multirow 2024/11/12 v2.9 Span multiple rows of a table
\multirow@colwidth=\skip83
\multirow@cntb=\count341
\multirow@dima=\skip84
\bigstrutjot=\dimen264
) (c:/Users/Aprilmiaoyilee/AppData/Roaming/TinyTeX/texmf-dist/tex/latex/wrapfig/wrapfig.sty
\wrapoverhang=\dimen265
\WF@size=\dimen266
\c@WF@wrappedlines=\count342
\WF@box=\box71
\WF@everypar=\toks33
Package: wrapfig 2003/01/31  v 3.6
) (c:/Users/Aprilmiaoyilee/AppData/Roaming/TinyTeX/texmf-dist/tex/latex/colortbl/colortbl.sty
Package: colortbl 2024/10/29 v1.0k Color table columns (DPC)
\everycr=\toks34
\minrowclearance=\skip85
\rownum=\count343
) (c:/Users/Aprilmiaoyilee/AppData/Roaming/TinyTeX/texmf-dist/tex/latex/pdflscape/pdflscape.sty
Package: pdflscape 2025-06-23 v0.14 Display of landscape pages in PDF
(c:/Users/Aprilmiaoyilee/AppData/Roaming/TinyTeX/texmf-dist/tex/latex/pdflscape/pdflscape-nometadata.sty
Package: pdflscape-nometadata 2025-06-23 v0.14 Display of landscape pages in PDF (HO)
(c:/Users/Aprilmiaoyilee/AppData/Roaming/TinyTeX/texmf-dist/tex/latex/graphics/lscape.sty
Package: lscape 2020/05/28 v3.02 Landscape Pages (DPC)
)
Package pdflscape Info: Auto-detected driver: dvipdfm (xetex) on input line 98.
)) (c:/Users/Aprilmiaoyilee/AppData/Roaming/TinyTeX/texmf-dist/tex/latex/tabu/tabu.sty
Package: tabu 2019/01/11 v2.9 - flexible LaTeX tabulars (FC+tabu-fixed)
(c:/Users/Aprilmiaoyilee/AppData/Roaming/TinyTeX/texmf-dist/tex/latex/varwidth/varwidth.sty
Package: varwidth 2009/03/30 ver 0.92;  Variable-width minipages
\@vwid@box=\box72
\sift@deathcycles=\count344
\@vwid@loff=\dimen267
\@vwid@roff=\dimen268
)
==> First Aid for varwidth.sty applied!
\c@taburow=\count345
\tabu@nbcols=\count346
\tabu@cnt=\count347
\tabu@Xcol=\count348
\tabu@alloc=\count349
\tabu@nested=\count350
\tabu@target=\dimen269
\tabu@spreadtarget=\dimen270
\tabu@naturalX=\dimen271
\tabucolX=\dimen272
\tabu@Xsum=\dimen273
\extrarowdepth=\dimen274
\abovetabulinesep=\dimen275
\belowtabulinesep=\dimen276
\tabustrutrule=\dimen277
\tabu@thebody=\toks35
\tabu@footnotes=\toks36
\tabu@box=\box73
\tabu@arstrutbox=\box74
\tabu@hleads=\box75
\tabu@vleads=\box76
\tabu@cellskip=\skip86
) (c:/Users/Aprilmiaoyilee/AppData/Roaming/TinyTeX/texmf-dist/tex/latex/threeparttable/threeparttable.sty
Package: threeparttable 2003/06/13  v 3.0
\@tempboxb=\box77
) (c:/Users/Aprilmiaoyilee/AppData/Roaming/TinyTeX/texmf-dist/tex/latex/threeparttablex/threeparttablex.sty
Package: threeparttablex 2013/07/23 v0.3 by daleif
(c:/Users/Aprilmiaoyilee/AppData/Roaming/TinyTeX/texmf-dist/tex/latex/environ/environ.sty
Package: environ 2014/05/04 v0.3 A new way to define environments
(c:/Users/Aprilmiaoyilee/AppData/Roaming/TinyTeX/texmf-dist/tex/latex/trimspaces/trimspaces.sty
Package: trimspaces 2009/09/17 v1.1 Trim spaces around a token list
))
\TPTL@width=\skip87
) (c:/Users/Aprilmiaoyilee/AppData/Roaming/TinyTeX/texmf-dist/tex/generic/ulem/ulem.sty
\UL@box=\box78
\UL@hyphenbox=\box79
\UL@skip=\skip88
\UL@hook=\toks37
\UL@height=\dimen278
\UL@pe=\count351
\UL@pixel=\dimen279
\ULC@box=\box80
Package: ulem 2019/11/18
\ULdepth=\dimen280
) (c:/Users/Aprilmiaoyilee/AppData/Roaming/TinyTeX/texmf-dist/tex/latex/makecell/makecell.sty
Package: makecell 2009/08/03 V0.1e Managing of Tab Column Heads and Cells
\rotheadsize=\dimen281
\c@nlinenum=\count352
\TeXr@lab=\toks38
) (c:/Users/Aprilmiaoyilee/AppData/Roaming/TinyTeX/texmf-dist/tex/latex/biblatex/biblatex.sty
Package: biblatex 2025/07/10 v3.21 programmable bibliographies (PK/MW)
(c:/Users/Aprilmiaoyilee/AppData/Roaming/TinyTeX/texmf-dist/tex/generic/pdftexcmds/pdftexcmds.sty
Package: pdftexcmds 2020-06-27 v0.33 Utility functions of pdfTeX for LuaTeX (HO)
(c:/Users/Aprilmiaoyilee/AppData/Roaming/TinyTeX/texmf-dist/tex/generic/infwarerr/infwarerr.sty
Package: infwarerr 2019/12/03 v1.5 Providing info/warning/error messages (HO)
) (c:/Users/Aprilmiaoyilee/AppData/Roaming/TinyTeX/texmf-dist/tex/generic/ltxcmds/ltxcmds.sty
Package: ltxcmds 2023-12-04 v1.26 LaTeX kernel commands for general use (HO)
)
Package pdftexcmds Info: \pdf@primitive is available.
Package pdftexcmds Info: \pdf@ifprimitive is available.
Package pdftexcmds Info: \pdfdraftmode not found.
) (c:/Users/Aprilmiaoyilee/AppData/Roaming/TinyTeX/texmf-dist/tex/latex/kvoptions/kvoptions.sty
Package: kvoptions 2022-06-15 v3.15 Key value format for package options (HO)
(c:/Users/Aprilmiaoyilee/AppData/Roaming/TinyTeX/texmf-dist/tex/latex/kvsetkeys/kvsetkeys.sty
Package: kvsetkeys 2022-10-05 v1.19 Key value parser (HO)
)) (c:/Users/Aprilmiaoyilee/AppData/Roaming/TinyTeX/texmf-dist/tex/latex/logreq/logreq.sty
Package: logreq 2010/08/04 v1.0 xml request logger
\lrq@indent=\count353
(c:/Users/Aprilmiaoyilee/AppData/Roaming/TinyTeX/texmf-dist/tex/latex/logreq/logreq.def
File: logreq.def 2010/08/04 v1.0 logreq spec v1.0
)) (c:/Users/Aprilmiaoyilee/AppData/Roaming/TinyTeX/texmf-dist/tex/latex/url/url.sty
\Urlmuskip=\muskip19
Package: url 2013/09/16  ver 3.4  Verb mode for urls, etc.
)
\c@tabx@nest=\count354
\c@listtotal=\count355
\c@listcount=\count356
\c@liststart=\count357
\c@liststop=\count358
\c@citecount=\count359
\c@citetotal=\count360
\c@multicitecount=\count361
\c@multicitetotal=\count362
\c@instcount=\count363
\c@maxnames=\count364
\c@minnames=\count365
\c@maxitems=\count366
\c@minitems=\count367
\c@citecounter=\count368
\c@maxcitecounter=\count369
\c@savedcitecounter=\count370
\c@uniquelist=\count371
\c@uniquename=\count372
\c@refsection=\count373
\c@refsegment=\count374
\c@maxextratitle=\count375
\c@maxextratitleyear=\count376
\c@maxextraname=\count377
\c@maxextradate=\count378
\c@maxextraalpha=\count379
\c@abbrvpenalty=\count380
\c@highnamepenalty=\count381
\c@lownamepenalty=\count382
\c@maxparens=\count383
\c@parenlevel=\count384
\blx@tempcnta=\count385
\blx@tempcntb=\count386
\blx@tempcntc=\count387
\c@blx@maxsection=\count388
\blx@maxsegment@0=\count389
\blx@notetype=\count390
\blx@parenlevel@text=\count391
\blx@parenlevel@foot=\count392
\blx@sectionciteorder@0=\count393
\blx@sectionciteorderinternal@0=\count394
\blx@entrysetcounter=\count395
\blx@biblioinstance=\count396
\labelnumberwidth=\skip89
\labelalphawidth=\skip90
\biblabelsep=\skip91
\bibitemsep=\skip92
\bibnamesep=\skip93
\bibinitsep=\skip94
\bibparsep=\skip95
\bibhang=\skip96
\blx@bcfin=\read3
\blx@bcfout=\write4
\blx@langwohyphens=\language4
\c@mincomprange=\count397
\c@maxcomprange=\count398
\c@mincompwidth=\count399
Package biblatex Info: Trying to load biblatex default data model...
Package biblatex Info: ... file 'blx-dm.def' found.
(c:/Users/Aprilmiaoyilee/AppData/Roaming/TinyTeX/texmf-dist/tex/latex/biblatex/blx-dm.def
File: blx-dm.def 2025/07/10 v3.21 biblatex datamodel (PK/MW)
)
Package biblatex Info: Trying to load biblatex style data model...
Package biblatex Info: ... file 'apa.dbx' found.
(c:/Users/Aprilmiaoyilee/AppData/Roaming/TinyTeX/texmf-dist/tex/latex/biblatex-apa/apa.dbx
File: apa.dbx 2025/08/03 v9.18 APA biblatex style data model
)
Package biblatex Info: Trying to load biblatex custom data model...
Package biblatex Info: ... file 'biblatex-dm.cfg' not found.
\c@afterword=\count400
\c@savedafterword=\count401
\c@annotator=\count402
\c@savedannotator=\count403
\c@author=\count404
\c@savedauthor=\count405
\c@bookauthor=\count406
\c@savedbookauthor=\count407
\c@commentator=\count408
\c@savedcommentator=\count409
\c@editor=\count410
\c@savededitor=\count411
\c@editora=\count412
\c@savededitora=\count413
\c@editorb=\count414
\c@savededitorb=\count415
\c@editorc=\count416
\c@savededitorc=\count417
\c@foreword=\count418
\c@savedforeword=\count419
\c@holder=\count420
\c@savedholder=\count421
\c@introduction=\count422
\c@savedintroduction=\count423
\c@namea=\count424
\c@savednamea=\count425
\c@nameb=\count426
\c@savednameb=\count427
\c@namec=\count428
\c@savednamec=\count429
\c@translator=\count430
\c@savedtranslator=\count431
\c@shortauthor=\count432
\c@savedshortauthor=\count433
\c@shorteditor=\count434
\c@savedshorteditor=\count435
\c@narrator=\count436
\c@savednarrator=\count437
\c@execproducer=\count438
\c@savedexecproducer=\count439
\c@execdirector=\count440
\c@savedexecdirector=\count441
\c@with=\count442
\c@savedwith=\count443
\c@labelname=\count444
\c@savedlabelname=\count445
\c@institution=\count446
\c@savedinstitution=\count447
\c@lista=\count448
\c@savedlista=\count449
\c@listb=\count450
\c@savedlistb=\count451
\c@listc=\count452
\c@savedlistc=\count453
\c@listd=\count454
\c@savedlistd=\count455
\c@liste=\count456
\c@savedliste=\count457
\c@listf=\count458
\c@savedlistf=\count459
\c@location=\count460
\c@savedlocation=\count461
\c@organization=\count462
\c@savedorganization=\count463
\c@origlocation=\count464
\c@savedoriglocation=\count465
\c@origpublisher=\count466
\c@savedorigpublisher=\count467
\c@publisher=\count468
\c@savedpublisher=\count469
\c@language=\count470
\c@savedlanguage=\count471
\c@origlanguage=\count472
\c@savedoriglanguage=\count473
\c@citation=\count474
\c@savedcitation=\count475
\c@pageref=\count476
\c@savedpageref=\count477
\shorthandwidth=\skip97
\shortjournalwidth=\skip98
\shortserieswidth=\skip99
\shorttitlewidth=\skip100
\shortauthorwidth=\skip101
\shorteditorwidth=\skip102
\locallabelnumberwidth=\skip103
\locallabelalphawidth=\skip104
\localshorthandwidth=\skip105
\localshortjournalwidth=\skip106
\localshortserieswidth=\skip107
\localshorttitlewidth=\skip108
\localshortauthorwidth=\skip109
\localshorteditorwidth=\skip110
Package biblatex Info: Trying to load enhanced support for Unicode engines...
Package biblatex Info: ... file 'blx-unicode.def' found.
(c:/Users/Aprilmiaoyilee/AppData/Roaming/TinyTeX/texmf-dist/tex/latex/biblatex/blx-unicode.def)
Package biblatex Info: Trying to load compatibility code...
Package biblatex Info: ... file 'blx-compat.def' found.
(c:/Users/Aprilmiaoyilee/AppData/Roaming/TinyTeX/texmf-dist/tex/latex/biblatex/blx-compat.def
File: blx-compat.def 2025/07/10 v3.21 biblatex compatibility (PK/MW)
)
Package biblatex Info: Trying to load generic definitions...
Package biblatex Info: ... file 'biblatex.def' found.
(c:/Users/Aprilmiaoyilee/AppData/Roaming/TinyTeX/texmf-dist/tex/latex/biblatex/biblatex.def
File: biblatex.def 2025/07/10 v3.21 biblatex compatibility (PK/MW)
\c@textcitecount=\count478
\c@textcitetotal=\count479
\c@textcitemaxnames=\count480
\c@biburlbigbreakpenalty=\count481
\c@biburlbreakpenalty=\count482
\c@biburlnumpenalty=\count483
\c@biburlucpenalty=\count484
\c@biburllcpenalty=\count485
\biburlbigskip=\muskip20
\biburlnumskip=\muskip21
\biburlucskip=\muskip22
\biburllcskip=\muskip23
\c@smartand=\count486
)
Package biblatex Info: Trying to load bibliography style 'apa'...
Package biblatex Info: ... file 'apa.bbx' found.
(c:/Users/Aprilmiaoyilee/AppData/Roaming/TinyTeX/texmf-dist/tex/latex/biblatex-apa/apa.bbx
File: apa.bbx 2025/08/03 v9.18 APA biblatex references style
Package biblatex Info: Trying to load bibliography style 'standard'...
Package biblatex Info: ... file 'standard.bbx' found.
(c:/Users/Aprilmiaoyilee/AppData/Roaming/TinyTeX/texmf-dist/tex/latex/biblatex/bbx/standard.bbx
File: standard.bbx 2025/07/10 v3.21 biblatex bibliography style (PK/MW)
\c@bbx:relatedcount=\count487
\c@bbx:relatedtotal=\count488
)
Package biblatex Info: Delimiter 'nameyeardelim' in context 'bib' already defined, overwriting.
Package biblatex Info: Delimiter 'nameyeardelim' in context 'biblist' already defined, overwriting.
Package biblatex Info: Delimiter 'nonameyeardelim' in context 'bib' already defined, overwriting.
Package biblatex Info: Delimiter 'nonameyeardelim' in context 'biblist' already defined, overwriting.
)
Package biblatex Info: Trying to load citation style 'apa'...
Package biblatex Info: ... file 'apa.cbx' found.
(c:/Users/Aprilmiaoyilee/AppData/Roaming/TinyTeX/texmf-dist/tex/latex/biblatex-apa/apa.cbx
File: apa.cbx 2025/08/03 v9.18 APA biblatex citation style
Package biblatex Info: Delimiter 'nameyeardelim' in context '' already defined, overwriting.
Package biblatex Info: Delimiter 'andothersdelim' in context '' already defined, overwriting.
Package biblatex Info: Redefining '\fullcite'.
Package biblatex Info: Redefining '\citeauthor'.
Package biblatex Info: Redefining '\citeyear'.
Package biblatex Info: Redefining '\cite'.
Package biblatex Info: Redefining '\cites'.
Package biblatex Info: Redefining '\parencite'.
Package biblatex Info: Redefining '\parencites'.
Package biblatex Info: Redefining '\footcite'.
Package biblatex Info: Redefining '\footcites'.
Package biblatex Info: Redefining '\footcitetext'.
Package biblatex Info: Redefining '\footcitetexts'.
Package biblatex Info: Redefining '\smartcite'.
Package biblatex Info: Redefining '\smartcites'.
Package biblatex Info: Redefining '\textcite'.
Package biblatex Info: Redefining '\textcites'.
)
Package biblatex Info: Trying to load configuration file...
Package biblatex Info: ... file 'biblatex.cfg' found.
(c:/Users/Aprilmiaoyilee/AppData/Roaming/TinyTeX/texmf-dist/tex/latex/biblatex/biblatex.cfg
File: biblatex.cfg 
)
Package biblatex Info: XeTeX detected.
(biblatex)             Assuming input encoding 'utf8'.
Package biblatex Info: Document encoding is UTF8 ....
Package biblatex Info: ... and expl3
(biblatex)             2025-08-13 L3 programming layer (loader) 
(biblatex)             is new enough (at least 2020/04/06),
(biblatex)             setting 'casechanger=expl3'.
(c:/Users/Aprilmiaoyilee/AppData/Roaming/TinyTeX/texmf-dist/tex/latex/biblatex/blx-case-expl3.sty
Package: blx-case-expl3 2025/07/10 v3.21 expl3 case changing code for biblatex
)) (c:/Users/Aprilmiaoyilee/AppData/Roaming/TinyTeX/texmf-dist/tex/latex/bookmark/bookmark.sty
Package: bookmark 2023-12-10 v1.31 PDF bookmarks (HO)
(c:/Users/Aprilmiaoyilee/AppData/Roaming/TinyTeX/texmf-dist/tex/latex/hyperref/hyperref.sty
Package: hyperref 2025-07-12 v7.01o Hypertext links for LaTeX
(c:/Users/Aprilmiaoyilee/AppData/Roaming/TinyTeX/texmf-dist/tex/generic/kvdefinekeys/kvdefinekeys.sty
Package: kvdefinekeys 2019-12-19 v1.6 Define keys (HO)
) (c:/Users/Aprilmiaoyilee/AppData/Roaming/TinyTeX/texmf-dist/tex/generic/pdfescape/pdfescape.sty
Package: pdfescape 2019/12/09 v1.15 Implements pdfTeX's escape features (HO)
) (c:/Users/Aprilmiaoyilee/AppData/Roaming/TinyTeX/texmf-dist/tex/latex/hycolor/hycolor.sty
Package: hycolor 2020-01-27 v1.10 Color options for hyperref/bookmark (HO)
) (c:/Users/Aprilmiaoyilee/AppData/Roaming/TinyTeX/texmf-dist/tex/latex/hyperref/nameref.sty
Package: nameref 2025-06-21 v2.57 Cross-referencing by name of section
(c:/Users/Aprilmiaoyilee/AppData/Roaming/TinyTeX/texmf-dist/tex/latex/refcount/refcount.sty
Package: refcount 2019/12/15 v3.6 Data extraction from label references (HO)
) (c:/Users/Aprilmiaoyilee/AppData/Roaming/TinyTeX/texmf-dist/tex/generic/gettitlestring/gettitlestring.sty
Package: gettitlestring 2019/12/15 v1.6 Cleanup title references (HO)
)
\c@section@level=\count489
) (c:/Users/Aprilmiaoyilee/AppData/Roaming/TinyTeX/texmf-dist/tex/generic/stringenc/stringenc.sty
Package: stringenc 2019/11/29 v1.12 Convert strings between diff. encodings (HO)
)
\@linkdim=\dimen282
\Hy@linkcounter=\count490
\Hy@pagecounter=\count491
(c:/Users/Aprilmiaoyilee/AppData/Roaming/TinyTeX/texmf-dist/tex/latex/hyperref/pd1enc.def
File: pd1enc.def 2025-07-12 v7.01o Hyperref: PDFDocEncoding definition (HO)
) (c:/Users/Aprilmiaoyilee/AppData/Roaming/TinyTeX/texmf-dist/tex/generic/intcalc/intcalc.sty
Package: intcalc 2019/12/15 v1.3 Expandable calculations with integers (HO)
)
\Hy@SavedSpaceFactor=\count492
(c:/Users/Aprilmiaoyilee/AppData/Roaming/TinyTeX/texmf-dist/tex/latex/hyperref/puenc.def
File: puenc.def 2025-07-12 v7.01o Hyperref: PDF Unicode definition (HO)
)
Package hyperref Info: Option `unicode' set `true' on input line 4066.
Package hyperref Info: Hyper figures OFF on input line 4195.
Package hyperref Info: Link nesting OFF on input line 4200.
Package hyperref Info: Hyper index ON on input line 4203.
Package hyperref Info: Plain pages OFF on input line 4210.
Package hyperref Info: Backreferencing OFF on input line 4215.
Package hyperref Info: Implicit mode ON; LaTeX internals redefined.
Package hyperref Info: Bookmarks ON on input line 4462.
\c@Hy@tempcnt=\count493
LaTeX Info: Redefining \url on input line 4801.
\XeTeXLinkMargin=\dimen283
(c:/Users/Aprilmiaoyilee/AppData/Roaming/TinyTeX/texmf-dist/tex/generic/bitset/bitset.sty
Package: bitset 2019/12/09 v1.3 Handle bit-vector datatype (HO)
(c:/Users/Aprilmiaoyilee/AppData/Roaming/TinyTeX/texmf-dist/tex/generic/bigintcalc/bigintcalc.sty
Package: bigintcalc 2019/12/15 v1.5 Expandable calculations on big integers (HO)
))
\Fld@menulength=\count494
\Field@Width=\dimen284
\Fld@charsize=\dimen285
Package hyperref Info: Hyper figures OFF on input line 6078.
Package hyperref Info: Link nesting OFF on input line 6083.
Package hyperref Info: Hyper index ON on input line 6086.
Package hyperref Info: backreferencing OFF on input line 6093.
Package hyperref Info: Link coloring OFF on input line 6098.
Package hyperref Info: Link coloring with OCG OFF on input line 6103.
Package hyperref Info: PDF/A mode OFF on input line 6108.
\Hy@abspage=\count495
\c@Item=\count496
\c@Hfootnote=\count497
)
Package hyperref Info: Driver (autodetected): hxetex.
(c:/Users/Aprilmiaoyilee/AppData/Roaming/TinyTeX/texmf-dist/tex/latex/hyperref/hxetex.def
File: hxetex.def 2025-07-12 v7.01o Hyperref driver for XeTeX
\pdfm@box=\box81
\c@Hy@AnnotLevel=\count498
\HyField@AnnotCount=\count499
\Fld@listcount=\count500
\c@bookmark@seq@number=\count501
(c:/Users/Aprilmiaoyilee/AppData/Roaming/TinyTeX/texmf-dist/tex/latex/rerunfilecheck/rerunfilecheck.sty
Package: rerunfilecheck 2025-06-21 v1.11 Rerun checks for auxiliary files (HO)
(c:/Users/Aprilmiaoyilee/AppData/Roaming/TinyTeX/texmf-dist/tex/generic/uniquecounter/uniquecounter.sty
Package: uniquecounter 2019/12/15 v1.4 Provide unlimited unique counter (HO)
)
Package uniquecounter Info: New unique counter `rerunfilecheck' on input line 284.
)
\Hy@SectionHShift=\skip111
) (c:/Users/Aprilmiaoyilee/AppData/Roaming/TinyTeX/texmf-dist/tex/latex/bookmark/bkm-dvipdfm.def
File: bkm-dvipdfm.def 2023-12-10 v1.31 bookmark driver for dvipdfm (HO)
\BKM@id=\count502
))
\@quotelevel=\count503
\@quotereset=\count504
(./CASAThesisMiaoyi.aux

LaTeX Warning: Label `tab:pca-loadings' multiply defined.

)
\openout1 = `CASAThesisMiaoyi.aux'.

LaTeX Font Info:    Checking defaults for OML/cmm/m/it on input line 229.
LaTeX Font Info:    ... okay on input line 229.
LaTeX Font Info:    Checking defaults for OMS/cmsy/m/n on input line 229.
LaTeX Font Info:    ... okay on input line 229.
LaTeX Font Info:    Checking defaults for OT1/cmr/m/n on input line 229.
LaTeX Font Info:    ... okay on input line 229.
LaTeX Font Info:    Checking defaults for T1/cmr/m/n on input line 229.
LaTeX Font Info:    ... okay on input line 229.
LaTeX Font Info:    Checking defaults for TS1/cmr/m/n on input line 229.
LaTeX Font Info:    ... okay on input line 229.
LaTeX Font Info:    Checking defaults for TU/lmr/m/n on input line 229.
LaTeX Font Info:    ... okay on input line 229.
LaTeX Font Info:    Checking defaults for OMX/cmex/m/n on input line 229.
LaTeX Font Info:    ... okay on input line 229.
LaTeX Font Info:    Checking defaults for U/cmr/m/n on input line 229.
LaTeX Font Info:    ... okay on input line 229.
LaTeX Font Info:    Checking defaults for PD1/pdf/m/n on input line 229.
LaTeX Font Info:    ... okay on input line 229.
LaTeX Font Info:    Checking defaults for PU/pdf/m/n on input line 229.
LaTeX Font Info:    ... okay on input line 229.
LaTeX Font Info:    Overwriting math alphabet `\mathrm' in version `normal'
(Font)                  OT1/lmr/m/n --> TU/lmr/m/n on input line 229.
LaTeX Font Info:    Overwriting math alphabet `\mathit' in version `normal'
(Font)                  OT1/lmr/m/it --> TU/lmr/m/it on input line 229.
LaTeX Font Info:    Overwriting math alphabet `\mathbf' in version `normal'
(Font)                  OT1/lmr/bx/n --> TU/lmr/bx/n on input line 229.
LaTeX Font Info:    Overwriting math alphabet `\mathsf' in version `normal'
(Font)                  OT1/lmss/m/n --> TU/lmss/m/n on input line 229.
LaTeX Font Info:    Overwriting math alphabet `\mathsf' in version `bold'
(Font)                  OT1/lmss/bx/n --> TU/lmss/bx/n on input line 229.
LaTeX Font Info:    Overwriting math alphabet `\mathtt' in version `normal'
(Font)                  OT1/lmtt/m/n --> TU/lmtt/m/n on input line 229.
LaTeX Font Info:    Overwriting math alphabet `\mathtt' in version `bold'
(Font)                  OT1/lmtt/m/n --> TU/lmtt/bx/n on input line 229.

Package fontspec Info: 
(fontspec)             latinmodern-math scale = 0.9999970497384594.


Package fontspec Info: 
(fontspec)             latinmodern-math scale = 0.9999970497384594.


Package fontspec Info: 
(fontspec)             latinmodern-math scale = 0.9999970497384594.


Package fontspec Info: 
(fontspec)             Font family 'latinmodern-math.otf(0)' created for font
(fontspec)             'latinmodern-math.otf' with options
(fontspec)             [Scale=MatchLowercase,BoldItalicFont={},ItalicFont={},SmallCapsFont={},Script=Math,BoldFont={latinmodern-math.otf}].
(fontspec)              
(fontspec)              This font family consists of the following NFSS
(fontspec)             series/shapes:
(fontspec)              
(fontspec)             - 'normal' (m/n) with NFSS spec.:
(fontspec)             <->s*[0.9999970497384594]"[latinmodern-math.otf]/OT:script=math;language=dflt;"
(fontspec)             - 'bold' (b/n) with NFSS spec.:
(fontspec)             <->s*[0.9999970497384594]"[latinmodern-math.otf]/OT:script=math;language=dflt;"

LaTeX Font Info:    Font shape `TU/latinmodern-math.otf(0)/m/n' will be
(Font)              scaled to size 12.0pt on input line 229.

Package fontspec Info: 
(fontspec)             latinmodern-math scale = 0.9999970497384594.


Package fontspec Info: 
(fontspec)             latinmodern-math scale = 0.9999970497384594.


Package fontspec Info: 
(fontspec)             latinmodern-math scale = 0.9999970497384594.


Package fontspec Info: 
(fontspec)             latinmodern-math scale = 0.9999970497384594.


Package fontspec Info: 
(fontspec)             latinmodern-math scale = 0.9999970497384594.


Package fontspec Info: 
(fontspec)             Font family 'latinmodern-math.otf(1)' created for font
(fontspec)             'latinmodern-math.otf' with options
(fontspec)             [Scale=MatchLowercase,BoldItalicFont={},ItalicFont={},SmallCapsFont={},Script=Math,SizeFeatures={{Size=10.2-},{Size=7.2-10.2,Font=latinmodern-math.otf,Style=MathScript},{Size=-7.2,Font=latinmodern-math.otf,Style=MathScriptScript}},BoldFont={latinmodern-math.otf}].
(fontspec)              
(fontspec)              This font family consists of the following NFSS
(fontspec)             series/shapes:
(fontspec)              
(fontspec)             - 'normal' (m/n) with NFSS spec.:
(fontspec)             <10.2->s*[0.9999970497384594]"[latinmodern-math.otf]/OT:script=math;language=dflt;"<7.2-10.2>s*[0.9999970497384594]"[latinmodern-math.otf]/OT:script=math;language=dflt;+ssty=0;"<-7.2>s*[0.9999970497384594]"[latinmodern-math.otf]/OT:script=math;language=dflt;+ssty=1;"
(fontspec)             - 'bold' (b/n) with NFSS spec.:
(fontspec)             <->s*[0.9999970497384594]"[latinmodern-math.otf]/OT:script=math;language=dflt;"

LaTeX Font Info:    Font shape `TU/latinmodern-math.otf(1)/m/n' will be
(Font)              scaled to size 12.0pt on input line 229.
LaTeX Font Info:    Encoding `OT1' has changed to `TU' for symbol font
(Font)              `operators' in the math version `normal' on input line 229.
LaTeX Font Info:    Overwriting symbol font `operators' in version `normal'
(Font)                  OT1/lmr/m/n --> TU/latinmodern-math.otf(1)/m/n on input line 229.
LaTeX Font Info:    Encoding `OT1' has changed to `TU' for symbol font
(Font)              `operators' in the math version `bold' on input line 229.
LaTeX Font Info:    Overwriting symbol font `operators' in version `bold'
(Font)                  OT1/lmr/bx/n --> TU/latinmodern-math.otf(1)/b/n on input line 229.

Package fontspec Info: 
(fontspec)             latinmodern-math scale = 0.9999970497384594.


Package fontspec Info: 
(fontspec)             latinmodern-math scale = 1.000097049443433.


Package fontspec Info: 
(fontspec)             latinmodern-math scale = 0.9999970497384594.


Package fontspec Info: 
(fontspec)             latinmodern-math scale = 1.000097049443433.


Package fontspec Info: 
(fontspec)             latinmodern-math scale = 0.9999970497384594.


Package fontspec Info: 
(fontspec)             latinmodern-math scale = 1.000097049443433.


Package fontspec Info: 
(fontspec)             latinmodern-math scale = 0.9999970497384594.


Package fontspec Info: 
(fontspec)             latinmodern-math scale = 1.000097049443433.


Package fontspec Info: 
(fontspec)             latinmodern-math scale = 0.9999970497384594.


Package fontspec Info: 
(fontspec)             latinmodern-math scale = 1.000097049443433.


Package fontspec Info: 
(fontspec)             Font family 'latinmodern-math.otf(2)' created for font
(fontspec)             'latinmodern-math.otf' with options
(fontspec)             [Scale=MatchLowercase,BoldItalicFont={},ItalicFont={},SmallCapsFont={},Script=Math,SizeFeatures={{Size=10.2-},{Size=7.2-10.2,Font=latinmodern-math.otf,Style=MathScript},{Size=-7.2,Font=latinmodern-math.otf,Style=MathScriptScript}},BoldFont={latinmodern-math.otf},ScaleAgain=1.0001,FontAdjustment={\fontdimen
(fontspec)             8\font =8.124pt\relax \fontdimen 9\font =4.728pt\relax
(fontspec)             \fontdimen 10\font =5.328pt\relax \fontdimen 11\font
(fontspec)             =8.232pt\relax \fontdimen 12\font =4.14pt\relax
(fontspec)             \fontdimen 13\font =4.356pt\relax \fontdimen 14\font
(fontspec)             =4.356pt\relax \fontdimen 15\font =3.468pt\relax
(fontspec)             \fontdimen 16\font =2.964pt\relax \fontdimen 17\font
(fontspec)             =2.964pt\relax \fontdimen 18\font =3.0pt\relax
(fontspec)             \fontdimen 19\font =2.4pt\relax \fontdimen 22\font
(fontspec)             =3.0pt\relax \fontdimen 20\font =0pt\relax \fontdimen
(fontspec)             21\font =0pt\relax }].
(fontspec)              
(fontspec)              This font family consists of the following NFSS
(fontspec)             series/shapes:
(fontspec)              
(fontspec)             - 'normal' (m/n) with NFSS spec.:
(fontspec)             <10.2->s*[1.000097049443433]"[latinmodern-math.otf]/OT:script=math;language=dflt;"<7.2-10.2>s*[1.000097049443433]"[latinmodern-math.otf]/OT:script=math;language=dflt;+ssty=0;"<-7.2>s*[1.000097049443433]"[latinmodern-math.otf]/OT:script=math;language=dflt;+ssty=1;"
(fontspec)             - 'bold' (b/n) with NFSS spec.:
(fontspec)             <->s*[1.000097049443433]"[latinmodern-math.otf]/OT:script=math;language=dflt;"

LaTeX Font Info:    Encoding `OMS' has changed to `TU' for symbol font
(Font)              `symbols' in the math version `normal' on input line 229.
LaTeX Font Info:    Overwriting symbol font `symbols' in version `normal'
(Font)                  OMS/lmsy/m/n --> TU/latinmodern-math.otf(2)/m/n on input line 229.
LaTeX Font Info:    Encoding `OMS' has changed to `TU' for symbol font
(Font)              `symbols' in the math version `bold' on input line 229.
LaTeX Font Info:    Overwriting symbol font `symbols' in version `bold'
(Font)                  OMS/lmsy/b/n --> TU/latinmodern-math.otf(2)/b/n on input line 229.

Package fontspec Info: 
(fontspec)             latinmodern-math scale = 0.9999970497384594.


Package fontspec Info: 
(fontspec)             latinmodern-math scale = 0.9998970500334856.


Package fontspec Info: 
(fontspec)             latinmodern-math scale = 0.9999970497384594.


Package fontspec Info: 
(fontspec)             latinmodern-math scale = 0.9998970500334856.


Package fontspec Info: 
(fontspec)             latinmodern-math scale = 0.9999970497384594.


Package fontspec Info: 
(fontspec)             latinmodern-math scale = 0.9998970500334856.


Package fontspec Info: 
(fontspec)             latinmodern-math scale = 0.9999970497384594.


Package fontspec Info: 
(fontspec)             latinmodern-math scale = 0.9998970500334856.


Package fontspec Info: 
(fontspec)             latinmodern-math scale = 0.9999970497384594.


Package fontspec Info: 
(fontspec)             latinmodern-math scale = 0.9998970500334856.


Package fontspec Info: 
(fontspec)             Font family 'latinmodern-math.otf(3)' created for font
(fontspec)             'latinmodern-math.otf' with options
(fontspec)             [Scale=MatchLowercase,BoldItalicFont={},ItalicFont={},SmallCapsFont={},Script=Math,SizeFeatures={{Size=10.2-},{Size=7.2-10.2,Font=latinmodern-math.otf,Style=MathScript},{Size=-7.2,Font=latinmodern-math.otf,Style=MathScriptScript}},BoldFont={latinmodern-math.otf},ScaleAgain=0.9999,FontAdjustment={\fontdimen
(fontspec)             8\font =0.48pt\relax \fontdimen 9\font =2.4pt\relax
(fontspec)             \fontdimen 10\font =2.004pt\relax \fontdimen 11\font
(fontspec)             =1.332pt\relax \fontdimen 12\font =7.2pt\relax
(fontspec)             \fontdimen 13\font =0pt\relax }].
(fontspec)              
(fontspec)              This font family consists of the following NFSS
(fontspec)             series/shapes:
(fontspec)              
(fontspec)             - 'normal' (m/n) with NFSS spec.:
(fontspec)             <10.2->s*[0.9998970500334856]"[latinmodern-math.otf]/OT:script=math;language=dflt;"<7.2-10.2>s*[0.9998970500334856]"[latinmodern-math.otf]/OT:script=math;language=dflt;+ssty=0;"<-7.2>s*[0.9998970500334856]"[latinmodern-math.otf]/OT:script=math;language=dflt;+ssty=1;"
(fontspec)             - 'bold' (b/n) with NFSS spec.:
(fontspec)             <->s*[0.9998970500334856]"[latinmodern-math.otf]/OT:script=math;language=dflt;"

LaTeX Font Info:    Encoding `OMX' has changed to `TU' for symbol font
(Font)              `largesymbols' in the math version `normal' on input line 229.
LaTeX Font Info:    Overwriting symbol font `largesymbols' in version `normal'
(Font)                  OMX/lmex/m/n --> TU/latinmodern-math.otf(3)/m/n on input line 229.
LaTeX Font Info:    Encoding `OMX' has changed to `TU' for symbol font
(Font)              `largesymbols' in the math version `bold' on input line 229.
LaTeX Font Info:    Overwriting symbol font `largesymbols' in version `bold'
(Font)                  OMX/lmex/m/n --> TU/latinmodern-math.otf(3)/b/n on input line 229.
*geometry* driver: auto-detecting
*geometry* detected driver: xetex
*geometry* verbose mode - [ preamble ] result:
* driver: xetex
* paper: <default>
* layout: <same size as paper>
* layoutoffset:(h,v)=(0.0pt,0.0pt)
* modes: 
* h-part:(L,W,R)=(113.81102pt, 415.12572pt, 85.35826pt)
* v-part:(T,H,B)=(71.13188pt, 652.70622pt, 71.13188pt)
* \paperwidth=614.295pt
* \paperheight=794.96999pt
* \textwidth=415.12572pt
* \textheight=652.70622pt
* \oddsidemargin=41.54103pt
* \evensidemargin=41.54103pt
* \topmargin=-33.0119pt
* \headheight=15.0pt
* \headsep=19.8738pt
* \topskip=12.0pt
* \footskip=30.0pt
* \marginparwidth=47.0pt
* \marginparsep=7.0pt
* \columnsep=10.0pt
* \skip\footins=10.8pt plus 4.0pt minus 2.0pt
* \hoffset=0.0pt
* \voffset=0.0pt
* \mag=1000
* \@twocolumnfalse
* \@twosidefalse
* \@mparswitchfalse
* \@reversemarginfalse
* (1in=72.27pt=25.4mm, 1cm=28.453pt)

Package caption Info: Begin \AtBeginDocument code.
Package caption Info: subfig package v1.3 is loaded.
Package caption Info: float package is loaded.
Package caption Info: hyperref package is loaded.
Package caption Info: threeparttable package is loaded.
Package caption Info: wrapfig package is loaded.
Package caption Info: End \AtBeginDocument code.
Package biblatex Info: Trying to load language 'english' -> 'english-apa'...
Package biblatex Info: ... file 'english-apa.lbx' found.
(c:/Users/Aprilmiaoyilee/AppData/Roaming/TinyTeX/texmf-dist/tex/latex/biblatex-apa/english-apa.lbx
File: english-apa.lbx 2025/08/03 v9.18 APA biblatex localisation
Package biblatex Info: Trying to load language 'english'...
Package biblatex Info: ... file 'english.lbx' found.
(c:/Users/Aprilmiaoyilee/AppData/Roaming/TinyTeX/texmf-dist/tex/latex/biblatex/lbx/english.lbx
File: english.lbx 2025/07/10 v3.21 biblatex localization (PK/MW)
)
Package biblatex Info: Trying to load language 'american' -> 'american-apa'...
Package biblatex Info: ... file 'american-apa.lbx' found.
(c:/Users/Aprilmiaoyilee/AppData/Roaming/TinyTeX/texmf-dist/tex/latex/biblatex-apa/american-apa.lbx
File: american-apa.lbx 2025/08/03 v9.18 APA biblatex localisation
Package biblatex Info: Trying to load language 'american'...
Package biblatex Info: ... file 'american.lbx' found.
(c:/Users/Aprilmiaoyilee/AppData/Roaming/TinyTeX/texmf-dist/tex/latex/biblatex/lbx/american.lbx
File: american.lbx 2025/07/10 v3.21 biblatex localization (PK/MW)
Package biblatex Info: Trying to load language 'english'...
Package biblatex Info: ... file 'english.lbx' found.
(c:/Users/Aprilmiaoyilee/AppData/Roaming/TinyTeX/texmf-dist/tex/latex/biblatex/lbx/english.lbx
File: english.lbx 2025/07/10 v3.21 biblatex localization (PK/MW)
))))
Package biblatex Info: XeTeX detected.
(biblatex)             Assuming input encoding 'utf8'.
Package biblatex Info: Automatic encoding selection.
(biblatex)             Assuming data encoding 'utf8'.
\openout4 = `CASAThesisMiaoyi.bcf'.

Package biblatex Info: Trying to load bibliographic data...
Package biblatex Info: ... file 'CASAThesisMiaoyi.bbl' found.
(./CASAThesisMiaoyi.bbl)
Package biblatex Info: Reference section=0 on input line 229.
Package biblatex Info: Reference segment=0 on input line 229.
Package hyperref Info: Link coloring OFF on input line 229.
LaTeX Font Info:    Font shape `TU/latinmodern-math.otf(1)/m/n' will be
(Font)              scaled to size 14.4pt on input line 231.
LaTeX Font Info:    Font shape `TU/latinmodern-math.otf(1)/m/n' will be
(Font)              scaled to size 10.0pt on input line 231.
LaTeX Font Info:    Font shape `TU/latinmodern-math.otf(1)/m/n' will be
(Font)              scaled to size 7.0pt on input line 231.
LaTeX Font Info:    Trying to load font information for OML+lmm on input line 231.
(c:/Users/Aprilmiaoyilee/AppData/Roaming/TinyTeX/texmf-dist/tex/latex/lm/omllmm.fd
File: omllmm.fd 2015/05/01 v1.6.1 Font defs for Latin Modern
)
LaTeX Font Info:    Font shape `TU/latinmodern-math.otf(2)/m/n' will be
(Font)              scaled to size 14.4013pt on input line 231.
LaTeX Font Info:    Font shape `TU/latinmodern-math.otf(2)/m/n' will be
(Font)              scaled to size 10.00092pt on input line 231.
LaTeX Font Info:    Font shape `TU/latinmodern-math.otf(2)/m/n' will be
(Font)              scaled to size 7.00064pt on input line 231.
LaTeX Font Info:    Font shape `TU/latinmodern-math.otf(3)/m/n' will be
(Font)              scaled to size 14.39845pt on input line 231.
LaTeX Font Info:    Font shape `TU/latinmodern-math.otf(3)/m/n' will be
(Font)              scaled to size 9.99893pt on input line 231.
LaTeX Font Info:    Font shape `TU/latinmodern-math.otf(3)/m/n' will be
(Font)              scaled to size 6.99925pt on input line 231.
LaTeX Font Info:    Trying to load font information for U+msa on input line 231.
(c:/Users/Aprilmiaoyilee/AppData/Roaming/TinyTeX/texmf-dist/tex/latex/amsfonts/umsa.fd
File: umsa.fd 2013/01/14 v3.01 AMS symbols A
)
LaTeX Font Info:    Trying to load font information for U+msb on input line 231.
(c:/Users/Aprilmiaoyilee/AppData/Roaming/TinyTeX/texmf-dist/tex/latex/amsfonts/umsb.fd
File: umsb.fd 2013/01/14 v3.01 AMS symbols B
)

[1


]

[1

]

[2

]

[3

] (./CASAThesisMiaoyi.toc
LaTeX Font Info:    Font shape `TU/latinmodern-math.otf(1)/m/n' will be
(Font)              scaled to size 8.4pt on input line 3.
LaTeX Font Info:    Font shape `TU/latinmodern-math.otf(1)/m/n' will be
(Font)              scaled to size 6.0pt on input line 3.
LaTeX Font Info:    Font shape `TU/latinmodern-math.otf(2)/m/n' will be
(Font)              scaled to size 12.0011pt on input line 3.
LaTeX Font Info:    Font shape `TU/latinmodern-math.otf(2)/m/n' will be
(Font)              scaled to size 8.40076pt on input line 3.
LaTeX Font Info:    Font shape `TU/latinmodern-math.otf(2)/m/n' will be
(Font)              scaled to size 6.00055pt on input line 3.
LaTeX Font Info:    Font shape `TU/latinmodern-math.otf(3)/m/n' will be
(Font)              scaled to size 11.99872pt on input line 3.
LaTeX Font Info:    Font shape `TU/latinmodern-math.otf(3)/m/n' will be
(Font)              scaled to size 8.3991pt on input line 3.
LaTeX Font Info:    Font shape `TU/latinmodern-math.otf(3)/m/n' will be
(Font)              scaled to size 5.99936pt on input line 3.

Underfull \hbox (badness 1394) in paragraph at lines 7--7
 [][] [][]\TU/lmr/m/n/12 City Context: Jaipur’s Urban Structure and Spatial 
 []



[4

]

[5])
\tf@toc=\write5
\openout5 = `CASAThesisMiaoyi.toc'.



[6] (./CASAThesisMiaoyi.lof
Underfull \hbox (badness 1297) in paragraph at lines 8--8
 [][] [][]\TU/lmr/m/n/12 MGWR Model Variables Distribution (after log and z-score 
 []



[7

]
Underfull \hbox (badness 2103) in paragraph at lines 20--20
 \TU/lmr/m/n/12 the left panel shows raw parameter estimates, the middle 
 []



[8]
Underfull \hbox (badness 1448) in paragraph at lines 38--38
 [][] [][]\TU/lmr/m/n/12 Bandwidth-Sensitive Correlation Trends between POI Kernel 
 []

)
\tf@lof=\write6
\openout6 = `CASAThesisMiaoyi.lof'.



[9] (./CASAThesisMiaoyi.lot)
\tf@lot=\write7
\openout7 = `CASAThesisMiaoyi.lot'.



[10

]
Overfull \hbox (43.76631pt too wide) in alignment at lines 265--301
 [] [] 
 []

[11

]

[12]
Chapter 1.

Underfull \hbox (badness 1024) in paragraph at lines 307--308
\TU/lmr/m/n/12 planning institutions frequently lack the disaggregated evidence needed to
 []



[1

]
Underfull \hbox (badness 1005) in paragraph at lines 325--327
[]\TU/lmr/m/it/12 Population estimation\TU/lmr/m/n/12 : using ward-level population counts as a
 []


Underfull \hbox (badness 1163) in paragraph at lines 327--328
[]\TU/lmr/m/it/12 Economic Activity Index (EAI)\TU/lmr/m/n/12 : a composite measure of urban
 []


Underfull \hbox (badness 1769) in paragraph at lines 338--339
\TU/lmr/m/n/12 relative economic activity across the city and to examine the
 []



[2]
Underfull \hbox (badness 1577) in paragraph at lines 342--343
\TU/lmr/m/n/12 from remote sensing and open data, providing planners with alternative
 []



[3]
Chapter 2.


[4

]

[5]

[6]
Underfull \hbox (badness 2042) in paragraph at lines 366--367
\TU/lmr/m/n/12 cannot succeed without governance systems that encourage transparency,
 []



[7]

[8]

[9]
File: thesis_images/02LR_land_use.png Graphic file (type bmp)
<thesis_images/02LR_land_use.png>
File: thesis_images/02LR_built_up.png Graphic file (type bmp)
<thesis_images/02LR_built_up.png>


[10]
Overfull \hbox (10.32935pt too wide) in paragraph at lines 396--396
[]\TU/lmr/bx/n/14.4 Local Reality: Digital Initiatives and Data Limitations 
 []


Underfull \hbox (badness 1062) in paragraph at lines 398--399
\TU/lmr/m/n/12 Under the Smart Cities Mission, Jaipur Smart City Limited (JSCL) has
 []


Underfull \hbox (badness 1237) in paragraph at lines 398--399
\TU/lmr/m/n/12 implemented both area-based and pan-city projects. In the walled city,
 []


Underfull \hbox (badness 1762) in paragraph at lines 398--399
\TU/lmr/m/n/12 environmental monitoring sensors, solid waste management improvements,
 []



[11]
Underfull \hbox (badness 1694) in paragraph at lines 404--405
\TU/lmr/m/n/12 of neighbourhoods ([]Arribas-Bel, []2014[]). Broader Volunteered Geographic
 []



[12]
Underfull \hbox (badness 1635) in paragraph at lines 408--408
[]\TU/lmr/bx/n/17.28 Existing Methods for Estimating Urban
 []


Underfull \hbox (badness 2334) in paragraph at lines 414--415
\TU/lmr/m/n/12 weighting assumed uniform distribution within administrative boundaries,
 []



[13]

[14]

[15]

[16]
Underfull \hbox (badness 3302) in paragraph at lines 434--435
\TU/lmr/m/n/12 Geographically Weighted Regression (MGWR) and Principal Component
 []



[17]
Chapter 3.
File: thesis_images/03ME_flowchart.png Graphic file (type bmp)
<thesis_images/03ME_flowchart.png>


[18

]

[19]
File: thesis_images/03ME_location.jpg Graphic file (type bmp)
<thesis_images/03ME_location.jpg>


[20]

[21]
Underfull \hbox (badness 1082) in paragraph at lines 474--475
\TU/lmr/bx/n/12 population density\TU/lmr/m/n/12 , derived from JDA population estimates from 2020.
 []



[22]
Underfull \hbox (badness 1584) in paragraph at lines 485--486
\TU/lmr/m/n/12 are relevant to residential life rather than including office-based or
 []


Underfull \hbox (badness 5175) in paragraph at lines 485--486
\TU/lmr/m/n/12 other employment-related POI which reflect ambient rather than
 []


Underfull \hbox (badness 4940) in paragraph at lines 485--486
\TU/lmr/m/n/12 residential population. Eight amenity categories (i.e. education,
 []


Overfull \hbox (31.99995pt too wide) in alignment at lines 494--499
 [] [] [] [] 
 []


Overfull \hbox (31.99995pt too wide) in alignment at lines 499--504
 [] [] [] [] 
 []


Overfull \hbox (31.99995pt too wide) in alignment at lines 504--506
 [] [] [] [] 
 []


Overfull \hbox (31.99995pt too wide) in alignment at lines 506--508
 [] [] [] [] 
 []


Underfull \hbox (badness 10000) in paragraph at lines 509--509
[]|\TU/lmr/m/n/8.8 Illuminated Building Volume
 []


Underfull \hbox (badness 10000) in paragraph at lines 509--509
\TU/lmr/m/n/8.8 Density: Illuminated building
 []


Underfull \hbox (badness 10000) in paragraph at lines 509--509
[]|\TU/lmr/m/n/8.8 Available from
 []


Underfull \hbox (badness 10000) in paragraph at lines 509--509
\TU/lmr/m/n/8.8 band=[’built
 []


Underfull \hbox (badness 5893) in paragraph at lines 509--510
[]|\TU/lmr/m/n/8.8 GHSL: Global settlement
 []


Underfull \hbox (badness 10000) in paragraph at lines 510--510
[]|\TU/lmr/m/n/8.8 Available from
 []


Underfull \hbox (badness 4634) in paragraph at lines 510--511
\TU/lmr/m/n/8.8 Annual Band Composites
 []


Underfull \hbox (badness 1527) in paragraph at lines 511--511
[]|\TU/lmr/m/n/8.8 POI Kernel Density: Mean POI
 []


Underfull \hbox (badness 10000) in paragraph at lines 512--512
[]|\TU/lmr/m/n/8.8 Available from
 []


Overfull \hbox (31.99995pt too wide) in alignment at lines 508--513
 [] [] [] [] 
 []



[23]
File: thesis_images/03ME_mgwr_feature_maps.png Graphic file (type bmp)
<thesis_images/03ME_mgwr_feature_maps.png>

Underfull \hbox (badness 1460) in paragraph at lines 524--524
[]\TU/lmr/m/n/12 Figure 3.3: |MGWR Model Variables Distribution (after log and z-score
 []

File: thesis_images/03ME_mgwr_trans_var.png Graphic file (type bmp)
<thesis_images/03ME_mgwr_trans_var.png>


[24]

[25]

[26]
Overfull \hbox (31.99995pt too wide) in alignment at lines 556--561
 [] [] [] [] 
 []


Overfull \hbox (31.99995pt too wide) in alignment at lines 561--566
 [] [] [] [] 
 []


Overfull \hbox (31.99995pt too wide) in alignment at lines 566--568
 [] [] [] [] 
 []


Overfull \hbox (31.99995pt too wide) in alignment at lines 568--570
 [] [] [] [] 
 []


Underfull \hbox (badness 10000) in paragraph at lines 571--571
[]|\TU/lmr/m/n/8.8 Available from
 []


Underfull \hbox (badness 10000) in paragraph at lines 571--572
[]|\TU/lmr/m/n/8.8 GHSL: Global built-up
 []


Underfull \hbox (badness 10000) in paragraph at lines 572--572
[]|\TU/lmr/m/n/8.8 Available from
 []


Underfull \hbox (badness 4634) in paragraph at lines 572--573
\TU/lmr/m/n/8.8 Annual Band Composites
 []


Underfull \hbox (badness 10000) in paragraph at lines 573--573
[]|\TU/lmr/m/n/8.8 Derived from MGWR
 []


Underfull \hbox (badness 10000) in paragraph at lines 573--573
\TU/lmr/m/n/8.8 100m resolution
 []


Underfull \hbox (badness 10000) in paragraph at lines 574--574
[]|\TU/lmr/m/n/8.8 motorable road
 []


Underfull \hbox (badness 1755) in paragraph at lines 574--574
[]|\TU/lmr/m/n/8.8 Motorable Road: Length of
 []


Underfull \hbox (badness 10000) in paragraph at lines 574--574
\TU/lmr/m/n/8.8 hierarchy (highway=*,
 []


Underfull \hbox (badness 10000) in paragraph at lines 578--578
[]|\TU/lmr/m/n/8.8 transport station
 []


Underfull \hbox (badness 10000) in paragraph at lines 578--578
[]|\TU/lmr/m/n/8.8 Available from OSM
 []


Underfull \hbox (badness 10000) in paragraph at lines 578--578
\TU/lmr/m/n/8.8 Transport POI (public
 []


Underfull \hbox (badness 10000) in paragraph at lines 578--578
\TU/lmr/m/n/8.8 transport, railway,
 []


Underfull \hbox (badness 10000) in paragraph at lines 578--578
\TU/lmr/m/n/8.8 amenity, highway,
 []


Underfull \hbox (badness 10000) in paragraph at lines 578--578
\TU/lmr/m/n/8.8 aeroway tags; points
 []


Underfull \hbox (badness 10000) in paragraph at lines 580--580
[]|\TU/lmr/m/n/8.8 transport station
 []


Underfull \hbox (badness 10000) in paragraph at lines 580--580
[]|\TU/lmr/m/n/8.8 Available from OSM
 []


Underfull \hbox (badness 10000) in paragraph at lines 580--580
\TU/lmr/m/n/8.8 Transport POI (public
 []


Underfull \hbox (badness 10000) in paragraph at lines 580--580
\TU/lmr/m/n/8.8 transport, railway,
 []


Underfull \hbox (badness 10000) in paragraph at lines 580--580
\TU/lmr/m/n/8.8 amenity, highway,
 []


Underfull \hbox (badness 3815) in paragraph at lines 580--580
\TU/lmr/m/n/8.8 aeroway tags; polygons
 []


Underfull \hbox (badness 5954) in paragraph at lines 581--581
\TU/lmr/m/n/8.8 Difference Vegetation within
 []


Overfull \hbox (31.99995pt too wide) in alignment at lines 570--582
 [] [] [] [] 
 []

File: thesis_images/03ME_indicator_maps.png Graphic file (type bmp)
<thesis_images/03ME_indicator_maps.png>
File: thesis_images/03ME_standardized_indicators_histograms.png Graphic file (type bmp)
<thesis_images/03ME_standardized_indicators_histograms.png>


[27]

[28]
Overfull \hbox (38.08545pt too wide) in paragraph at lines 605--605
[]\TU/lmr/bx/n/17.28 Population Disaggregation: MGWR–Dasymetric
 []


Underfull \hbox (badness 2662) in paragraph at lines 609--610
[]\TU/lmr/m/n/12 MGWR extends the traditional GWR framework by allowing not only
 []



[29]

[30]
Overfull \hbox (27.2682pt too wide) in paragraph at lines 658--658
[]\TU/lmr/bx/n/17.28 Economic Activity Index: Principal Component
 []


Underfull \hbox (badness 1824) in paragraph at lines 662--663
\TU/lmr/m/n/12 and other spatial variables linked to economic activity—are theoretically
 []



[31]
Underfull \hbox (badness 2426) in paragraph at lines 673--674
[]\TU/lmr/m/n/12 While PCA produces statistically optimal combinations of variables, its
 []



[32]

[33]
Underfull \hbox (badness 2884) in paragraph at lines 702--703
\TU/lmr/m/n/12 choices, and limitations in detail, and reflects on these issues in the
 []



[34]
Chapter 4.

Underfull \hbox (badness 3646) in paragraph at lines 731--732
[]|\TU/lmr/m/n/8.8 Preliminary measure of fit; higher values indicate
 []



[35

]
File: thesis_images/04RE_residuals_map_gaussian_mgwr.png Graphic file (type bmp)
<thesis_images/04RE_residuals_map_gaussian_mgwr.png>
File: thesis_images/04RE_residues.png Graphic file (type bmp)
<thesis_images/04RE_residues.png>

Overfull \hbox (103.89992pt too wide) in paragraph at lines 756--756
[] [] 
 []

File: thesis_images/04RE_qqplot.png Graphic file (type bmp)
<thesis_images/04RE_qqplot.png>

Overfull \hbox (103.89992pt too wide) in paragraph at lines 756--756
[] [] 
 []

File: thesis_images/04RE_CN_local_multicollinearity.png Graphic file (type bmp)
<thesis_images/04RE_CN_local_multicollinearity.png>


[36]

[37]
Overfull \hbox (8.75034pt too wide) in paragraph at lines 774--775
\TU/lmr/m/n/12 Figure []4.4[] compares the ward-level population distribution with the MGWR-derived
 []


Underfull \hbox (badness 1072) in paragraph at lines 776--777
[]\TU/lmr/m/n/12 Using weights estimated from the MGWR model, ward populations were
 []

File: thesis_images/04RE_wardvsmgwr.png Graphic file (type bmp)
<thesis_images/04RE_wardvsmgwr.png>


[38]
File: thesis_images/04RE_GHSL_compare.png Graphic file (type bmp)
<thesis_images/04RE_GHSL_compare.png>


[39]
Underfull \hbox (badness 1383) in paragraph at lines 806--807
\TU/lmr/m/n/12 produces a more polarised outcome—many empty or low-population cells
 []



[40]

[41]
File: thesis_images/04RE_mgwr_all_significant_coeffs.png Graphic file (type bmp)
<thesis_images/04RE_mgwr_all_significant_coeffs.png>


[42]

[43]
Underfull \hbox (badness 1975) in paragraph at lines 856--857
\TU/lmr/m/n/12 condense them into latent dimensions while retaining contrasting signals
 []

File: thesis_images/04RE_correlation_heatmap_full_log_data.png Graphic file (type bmp)
<thesis_images/04RE_correlation_heatmap_full_log_data.png>


[44]

[45]
Underfull \hbox (badness 2644) in paragraph at lines 875--876
[]\TU/lmr/m/n/12 The biplot (Figure []4.9[]) reinforces these relationships, showing built-up,
 []


Underfull \hbox (badness 1210) in paragraph at lines 875--876
\TU/lmr/m/n/12 polygons point in the opposite direction. Rather than isolated pairwise
 []


Underfull \hbox (badness 2980) in paragraph at lines 875--876
\TU/lmr/m/n/12 signals—ranging from urban development and everyday POI density to
 []



[46]
File: thesis_images/04RE_scree_plot_eigenvalues.png Graphic file (type bmp)
<thesis_images/04RE_scree_plot_eigenvalues.png>
File: thesis_images/04RE_pca_biplot.png Graphic file (type bmp)
<thesis_images/04RE_pca_biplot.png>

Overfull \hbox (23.99997pt too wide) in alignment at lines 901--906
 [] [] [] 
 []


Overfull \hbox (23.99997pt too wide) in alignment at lines 906--911
 [] [] [] 
 []


Overfull \hbox (23.99997pt too wide) in alignment at lines 911--913
 [] [] [] 
 []


Overfull \hbox (23.99997pt too wide) in alignment at lines 913--915
 [] [] [] 
 []


Overfull \hbox (23.99997pt too wide) in alignment at lines 915--927
 [] [] [] 
 []

[47]

[48]

[49]
File: thesis_images/04RE_eai_distribution_map.png Graphic file (type bmp)
<thesis_images/04RE_eai_distribution_map.png>
File: thesis_images/04RE_kmeans_clustering_results.png Graphic file (type bmp)
<thesis_images/04RE_kmeans_clustering_results.png>
File: thesis_images/04RE_cluster_vs_epi_distribution.png Graphic file (type bmp)
<thesis_images/04RE_cluster_vs_epi_distribution.png>
File: thesis_images/04RE_kmeans_clusters_map.png Graphic file (type bmp)
<thesis_images/04RE_kmeans_clusters_map.png>


[50]

[51]

[52]

[53]
Underfull \hbox (badness 2573) in paragraph at lines 988--989
\TU/lmr/m/n/12 population disaggregation and the Economic Activity Index (EAI) were
 []


Underfull \hbox (badness 4454) in paragraph at lines 995--997
\TU/lmr/m/n/12 flexibility allows comparisons beyond ward boundaries, supporting
 []


Underfull \hbox (badness 2635) in paragraph at lines 997--999
[]\TU/lmr/bx/n/12 Highlighting economic contrasts: \TU/lmr/m/n/12 Ward-level aggregation ranks
 []



[54]
File: thesis_images/04RE_geeapp_01.png Graphic file (type bmp)
<thesis_images/04RE_geeapp_01.png>

Overfull \hbox (105.97758pt too wide) in paragraph at lines 1008--1008
[] [] 
 []

File: thesis_images/04RE_geeapp_02.png Graphic file (type bmp)
<thesis_images/04RE_geeapp_02.png>

Overfull \hbox (105.97758pt too wide) in paragraph at lines 1008--1008
[] [] 
 []

File: thesis_images/04RE_geeapp_03.png Graphic file (type bmp)
<thesis_images/04RE_geeapp_03.png>

Overfull \hbox (105.97758pt too wide) in paragraph at lines 1008--1008
[] [] 
 []

File: thesis_images/04RE_geeapp_04.png Graphic file (type bmp)
<thesis_images/04RE_geeapp_04.png>

Overfull \hbox (105.97758pt too wide) in paragraph at lines 1008--1008
[] [] 
 []



[55]
Chapter 5.

Underfull \hbox (badness 10000) in paragraph at lines 1019--1019
[]\TU/lmr/bx/n/17.28 Evaluating Population Disaggregation:
 []


Underfull \hbox (badness 1946) in paragraph at lines 1021--1022
\TU/lmr/m/n/12 deviations: dense zones were often overestimated, while environmentally
 []



[56

]
Underfull \hbox (badness 1838) in paragraph at lines 1029--1030
\TU/lmr/m/n/12 estates were overestimated, where industrial sheds, intense lighting, and
 []


Underfull \hbox (badness 1867) in paragraph at lines 1029--1030
\TU/lmr/m/n/12 business-related POI were misread as residential signals—such as several
 []

File: thesis_images/05DI_8estimates_01.png Graphic file (type bmp)
<thesis_images/05DI_8estimates_01.png>
File: thesis_images/05DI_8estimates_02.png Graphic file (type bmp)
<thesis_images/05DI_8estimates_02.png>


[57]

[58]
Underfull \hbox (badness 10000) in paragraph at lines 1051--1051
[]\TU/lmr/bx/n/17.28 Interpreting the EAI: Potentials and
 []


Underfull \hbox (badness 1024) in paragraph at lines 1055--1056
\TU/lmr/m/n/12 practice, green space is usually seen as improving the attractiveness and
 []



[59]
Underfull \hbox (badness 3260) in paragraph at lines 1059--1060
\TU/lmr/m/n/12 contrasts in Jaipur’s economic environment and highlights zones where
 []



[60]
Underfull \hbox (badness 1308) in paragraph at lines 1067--1068
\TU/lmr/m/n/12 in adopting digital tools, lacking the skills to interpret or build models
 []



[61]

[62]

[63]
Chapter 6.


[64

]
Underfull \hbox (badness 1533) in paragraph at lines 1093--1094
\TU/lmr/m/n/12 remote sensing data combined with accessible web delivery can generate
 []



[65]

[66]

[67

]
Underfull \hbox (badness 1286) in paragraph at lines 1097--1097
\TU/lmr/m/n/12 Slums in a Datafying Milieu: Challenges for Data-Driven Research
 []


Underfull \hbox (badness 2790) in paragraph at lines 1097--1097
\TU/lmr/m/n/12 Yang, X. (2021). Mapping China’s regional economic activity by
 []



[68]
Underfull \hbox (badness 3189) in paragraph at lines 1097--1097
\TU/lmr/m/n/12 Metropolitan Spatial Planning in South Australia: Challenges for
 []



[69]
Underfull \hbox (badness 2671) in paragraph at lines 1097--1097
[][]\TU/lmr/m/n/12 Gebetsroither-Geringer, E., Stollnberger, R., & Peters-Anders, J. (2018).
 []


Underfull \hbox (badness 3302) in paragraph at lines 1097--1097
\TU/lmr/m/n/12 OF SUPPORT FOR URBAN DECISION-MAKING PROCESSES.
 []


Underfull \hbox (badness 1077) in paragraph at lines 1097--1097
[][]\TU/lmr/m/n/12 Georganos, S., Hafner, S., Kuffer, M., Linard, C., & Ban, Y. (2022). A
 []


Underfull \hbox (badness 1038) in paragraph at lines 1097--1097
\TU/lmr/m/n/12 census from heaven: Unraveling the potential of deep learning and
 []


Underfull \hbox (badness 1122) in paragraph at lines 1097--1097
\TU/lmr/m/n/12 Networks for Disaggregated Population Mapping Using Open Data.
 []



[70]
Underfull \hbox (badness 1810) in paragraph at lines 1097--1097
[][]\TU/lmr/m/n/12 Kvalvik, P., Sánchez-Gordón, M., & Colomo-Palacios, R. (2022). Beyond
 []


Underfull \hbox (badness 1354) in paragraph at lines 1097--1097
\TU/lmr/m/n/12 technology in smart cities: A multivocal literature review on data
 []



[71]
Underfull \hbox (badness 1412) in paragraph at lines 1097--1097
\TU/lmr/m/it/12 Journal of Environmental Research and Public Health\TU/lmr/m/n/12 , \TU/lmr/m/it/12 20\TU/lmr/m/n/12 (1), 734.
 []



[72]
Underfull \hbox (badness 1067) in paragraph at lines 1097--1097
[][]\TU/lmr/m/n/12 Measuring quarterly economic growth from outer space. (2022). Retrieved
 []



[73]
Underfull \hbox (badness 1383) in paragraph at lines 1097--1097
[][]\TU/lmr/m/n/12 Ps, P., & Aithal, B. H. (2023). Building footprint extraction from very
 []


Underfull \hbox (badness 1616) in paragraph at lines 1097--1097
[][]\TU/lmr/m/n/12 Qiu, Y., Zhao, X., Fan, D., Li, S., & Zhao, Y. (2022). Disaggregating
 []


Underfull \hbox (badness 6477) in paragraph at lines 1097--1097
\TU/lmr/m/n/12 population data for assessing progress of SDGs: Methods and
 []


Underfull \hbox (badness 3302) in paragraph at lines 1097--1097
\TU/lmr/m/n/12 applications. \TU/lmr/m/it/12 International Journal of Digital Earth\TU/lmr/m/n/12 , \TU/lmr/m/it/12 15\TU/lmr/m/n/12 (1), 2–29.
 []


Underfull \hbox (badness 1406) in paragraph at lines 1097--1097
[][]\TU/lmr/m/n/12 Repette, P., Sabatini-Marques, J., Yigitcanlar, T., Sell, D., & Costa, E.
 []


Underfull \hbox (badness 1087) in paragraph at lines 1097--1097
[][]\TU/lmr/m/n/12 Satterthwaite, D. (2010). 5 Urban Myths and the Mis-Use of Data that
 []


Underfull \hbox (badness 2772) in paragraph at lines 1097--1097
\TU/lmr/m/n/12 Underpin Them. In J. Beall, B. Guha-Khasnobis, & R. Kanbur
 []



[74]
Underfull \hbox (badness 1281) in paragraph at lines 1097--1097
[][]\TU/lmr/m/n/12 Singh, S. (2013). Citizens’ Participation in Urban Governance: Quest for
 []


Underfull \hbox (badness 2158) in paragraph at lines 1097--1097
[][]\TU/lmr/m/n/12 Srivastava, A. K. (2017). Segregated Data of Urban Poor for Inclusive
 []


Underfull \hbox (badness 1609) in paragraph at lines 1097--1097
\TU/lmr/m/n/12 Census Data for Population Mapping Using Random Forests with
 []


Underfull \hbox (badness 1303) in paragraph at lines 1097--1097
[][]\TU/lmr/m/n/12 Un-Habitat. (2021, August). City Profile and Diagnostic Report Jaipur |
 []



[75]

[76] [77

]

[78]
File: thesis_images/Ab_jaipur_all_poi_correlation_heatmap.png Graphic file (type bmp)
<thesis_images/Ab_jaipur_all_poi_correlation_heatmap.png>
File: thesis_images/Ab_jaipur_all_poi_correlation_trends.png Graphic file (type bmp)
<thesis_images/Ab_jaipur_all_poi_correlation_trends.png>


[79

]

[80]
LaTeX Font Info:    Font shape `TU/lmtt/bx/n' in size <12> not available
(Font)              Font shape `TU/lmtt/b/n' tried instead on input line 1167.


[81

]

[82]

[83] (./CASAThesisMiaoyi.aux)
 ***********
LaTeX2e <2025-06-01> patch level 1
L3 programming layer <2025-08-13>
 ***********

LaTeX Warning: There were multiply-defined labels.

Package logreq Info: Writing requests to 'CASAThesisMiaoyi.run.xml'.
\openout1 = `CASAThesisMiaoyi.run.xml'.

 ) 
Here is how much of TeX's memory you used:
 31103 strings out of 470456
 618940 string characters out of 5488682
 1806731 words of memory out of 5000000
 58995 multiletter control sequences out of 15000+600000
 633432 words of font info for 101 fonts, out of 8000000 for 9000
 14 hyphenation exceptions out of 8191
 90i,12n,114p,3198b,5569s stack positions out of 10000i,1000n,20000p,200000b,200000s

Output written on CASAThesisMiaoyi.pdf (96 pages).
